Archive member included to satisfy reference by file (symbol)

/opt/st/stm32cubeide_1.13.1/plugins/com.st.stm32cube.ide.mcu.externaltools.gnu-tools-for-stm32.12.3.rel1.linux64_1.0.100.202403111256/tools/bin/../lib/gcc/arm-none-eabi/12.3.1/../../../../arm-none-eabi/lib/thumb/v7e-m+fp/hard/libc_nano.a(libc_a-exit.o)
                              /opt/st/stm32cubeide_1.13.1/plugins/com.st.stm32cube.ide.mcu.externaltools.gnu-tools-for-stm32.12.3.rel1.linux64_1.0.100.202403111256/tools/bin/../lib/gcc/arm-none-eabi/12.3.1/../../../../arm-none-eabi/lib/thumb/v7e-m+fp/hard/crt0.o (exit)
/opt/st/stm32cubeide_1.13.1/plugins/com.st.stm32cube.ide.mcu.externaltools.gnu-tools-for-stm32.12.3.rel1.linux64_1.0.100.202403111256/tools/bin/../lib/gcc/arm-none-eabi/12.3.1/../../../../arm-none-eabi/lib/thumb/v7e-m+fp/hard/libc_nano.a(libc_a-malloc.o)
                              ./Middlewares/ST/STM32_USB_Host_Library/Class/CDC/Src/usbh_cdc.o (malloc)
/opt/st/stm32cubeide_1.13.1/plugins/com.st.stm32cube.ide.mcu.externaltools.gnu-tools-for-stm32.12.3.rel1.linux64_1.0.100.202403111256/tools/bin/../lib/gcc/arm-none-eabi/12.3.1/../../../../arm-none-eabi/lib/thumb/v7e-m+fp/hard/libc_nano.a(libc_a-mallocr.o)
                              /opt/st/stm32cubeide_1.13.1/plugins/com.st.stm32cube.ide.mcu.externaltools.gnu-tools-for-stm32.12.3.rel1.linux64_1.0.100.202403111256/tools/bin/../lib/gcc/arm-none-eabi/12.3.1/../../../../arm-none-eabi/lib/thumb/v7e-m+fp/hard/libc_nano.a(libc_a-malloc.o) (_malloc_r)
/opt/st/stm32cubeide_1.13.1/plugins/com.st.stm32cube.ide.mcu.externaltools.gnu-tools-for-stm32.12.3.rel1.linux64_1.0.100.202403111256/tools/bin/../lib/gcc/arm-none-eabi/12.3.1/../../../../arm-none-eabi/lib/thumb/v7e-m+fp/hard/libc_nano.a(libc_a-mlock.o)
                              /opt/st/stm32cubeide_1.13.1/plugins/com.st.stm32cube.ide.mcu.externaltools.gnu-tools-for-stm32.12.3.rel1.linux64_1.0.100.202403111256/tools/bin/../lib/gcc/arm-none-eabi/12.3.1/../../../../arm-none-eabi/lib/thumb/v7e-m+fp/hard/libc_nano.a(libc_a-mallocr.o) (__malloc_lock)
/opt/st/stm32cubeide_1.13.1/plugins/com.st.stm32cube.ide.mcu.externaltools.gnu-tools-for-stm32.12.3.rel1.linux64_1.0.100.202403111256/tools/bin/../lib/gcc/arm-none-eabi/12.3.1/../../../../arm-none-eabi/lib/thumb/v7e-m+fp/hard/libc_nano.a(libc_a-findfp.o)
                              ./Middlewares/Third_Party/FreeRTOS/Source/tasks.o (__sf)
/opt/st/stm32cubeide_1.13.1/plugins/com.st.stm32cube.ide.mcu.externaltools.gnu-tools-for-stm32.12.3.rel1.linux64_1.0.100.202403111256/tools/bin/../lib/gcc/arm-none-eabi/12.3.1/../../../../arm-none-eabi/lib/thumb/v7e-m+fp/hard/libc_nano.a(libc_a-fwalk.o)
                              /opt/st/stm32cubeide_1.13.1/plugins/com.st.stm32cube.ide.mcu.externaltools.gnu-tools-for-stm32.12.3.rel1.linux64_1.0.100.202403111256/tools/bin/../lib/gcc/arm-none-eabi/12.3.1/../../../../arm-none-eabi/lib/thumb/v7e-m+fp/hard/libc_nano.a(libc_a-findfp.o) (_fwalk_sglue)
/opt/st/stm32cubeide_1.13.1/plugins/com.st.stm32cube.ide.mcu.externaltools.gnu-tools-for-stm32.12.3.rel1.linux64_1.0.100.202403111256/tools/bin/../lib/gcc/arm-none-eabi/12.3.1/../../../../arm-none-eabi/lib/thumb/v7e-m+fp/hard/libc_nano.a(libc_a-printf.o)
                              ./Core/Src/main.o (printf)
/opt/st/stm32cubeide_1.13.1/plugins/com.st.stm32cube.ide.mcu.externaltools.gnu-tools-for-stm32.12.3.rel1.linux64_1.0.100.202403111256/tools/bin/../lib/gcc/arm-none-eabi/12.3.1/../../../../arm-none-eabi/lib/thumb/v7e-m+fp/hard/libc_nano.a(libc_a-puts.o)
                              ./Core/Src/main.o (puts)
/opt/st/stm32cubeide_1.13.1/plugins/com.st.stm32cube.ide.mcu.externaltools.gnu-tools-for-stm32.12.3.rel1.linux64_1.0.100.202403111256/tools/bin/../lib/gcc/arm-none-eabi/12.3.1/../../../../arm-none-eabi/lib/thumb/v7e-m+fp/hard/libc_nano.a(libc_a-sprintf.o)
                              ./Core/Src/main.o (sprintf)
/opt/st/stm32cubeide_1.13.1/plugins/com.st.stm32cube.ide.mcu.externaltools.gnu-tools-for-stm32.12.3.rel1.linux64_1.0.100.202403111256/tools/bin/../lib/gcc/arm-none-eabi/12.3.1/../../../../arm-none-eabi/lib/thumb/v7e-m+fp/hard/libc_nano.a(libc_a-stdio.o)
                              /opt/st/stm32cubeide_1.13.1/plugins/com.st.stm32cube.ide.mcu.externaltools.gnu-tools-for-stm32.12.3.rel1.linux64_1.0.100.202403111256/tools/bin/../lib/gcc/arm-none-eabi/12.3.1/../../../../arm-none-eabi/lib/thumb/v7e-m+fp/hard/libc_nano.a(libc_a-findfp.o) (__sread)
/opt/st/stm32cubeide_1.13.1/plugins/com.st.stm32cube.ide.mcu.externaltools.gnu-tools-for-stm32.12.3.rel1.linux64_1.0.100.202403111256/tools/bin/../lib/gcc/arm-none-eabi/12.3.1/../../../../arm-none-eabi/lib/thumb/v7e-m+fp/hard/libc_nano.a(libc_a-wbuf.o)
                              /opt/st/stm32cubeide_1.13.1/plugins/com.st.stm32cube.ide.mcu.externaltools.gnu-tools-for-stm32.12.3.rel1.linux64_1.0.100.202403111256/tools/bin/../lib/gcc/arm-none-eabi/12.3.1/../../../../arm-none-eabi/lib/thumb/v7e-m+fp/hard/libc_nano.a(libc_a-puts.o) (__swbuf_r)
[...]
Memory Configuration

Name             Origin             Length             Attributes
CCMRAM           0x10000000         0x00010000         xrw
RAM              0x20000000         0x00020000         xrw
FLASH            0x08000000         0x00100000         xr
*default*        0x00000000         0xffffffff

Linker script and memory map

LOAD /opt/st/stm32cubeide_1.13.1/plugins/com.st.stm32cube.ide.mcu.externaltools.gnu-tools-for-stm32.12.3.rel1.linux64_1.0.100.202403111256/tools/bin/../lib/gcc/arm-none-eabi/12.3.1/thumb/v7e-m+fp/hard/crti.o
LOAD /opt/st/stm32cubeide_1.13.1/plugins/com.st.stm32cube.ide.mcu.externaltools.gnu-tools-for-stm32.12.3.rel1.linux64_1.0.100.202403111256/tools/bin/../lib/gcc/arm-none-eabi/12.3.1/thumb/v7e-m+fp/hard/crtbegin.o
LOAD /opt/st/stm32cubeide_1.13.1/plugins/com.st.stm32cube.ide.mcu.externaltools.gnu-tools-for-stm32.12.3.rel1.linux64_1.0.100.202403111256/tools/bin/../lib/gcc/arm-none-eabi/12.3.1/../../../../arm-none-eabi/lib/thumb/v7e-m+fp/hard/crt0.o
LOAD ./Core/Src/freertos.o
LOAD ./Core/Src/main.o
LOAD ./Core/Src/stm32f4xx_hal_msp.o
LOAD ./Core/Src/stm32f4xx_hal_timebase_tim.o
LOAD ./Core/Src/stm32f4xx_it.o
LOAD ./Core/Src/syscalls.o
LOAD ./Core/Src/sysmem.o
LOAD ./Core/Src/system_stm32f4xx.o
LOAD ./Core/Startup/startup_stm32f407vgtx.o
LOAD ./Drivers/STM32F4xx_HAL_Driver/Src/stm32f4xx_hal.o
LOAD ./Drivers/STM32F4xx_HAL_Driver/Src/stm32f4xx_hal_cortex.o
LOAD ./Drivers/STM32F4xx_HAL_Driver/Src/stm32f4xx_hal_dma.o
LOAD ./Drivers/STM32F4xx_HAL_Driver/Src/stm32f4xx_hal_dma_ex.o
LOAD ./Drivers/STM32F4xx_HAL_Driver/Src/stm32f4xx_hal_exti.o
LOAD ./Drivers/STM32F4xx_HAL_Driver/Src/stm32f4xx_hal_flash.o
LOAD ./Drivers/STM32F4xx_HAL_Driver/Src/stm32f4xx_hal_flash_ex.o
LOAD ./Drivers/STM32F4xx_HAL_Driver/Src/stm32f4xx_hal_flash_ramfunc.o
LOAD ./Drivers/STM32F4xx_HAL_Driver/Src/stm32f4xx_hal_gpio.o
LOAD ./Drivers/STM32F4xx_HAL_Driver/Src/stm32f4xx_hal_hcd.o
LOAD ./Drivers/STM32F4xx_HAL_Driver/Src/stm32f4xx_hal_i2c.o
LOAD ./Drivers/STM32F4xx_HAL_Driver/Src/stm32f4xx_hal_i2c_ex.o
LOAD ./Drivers/STM32F4xx_HAL_Driver/Src/stm32f4xx_hal_i2s.o
LOAD ./Drivers/STM32F4xx_HAL_Driver/Src/stm32f4xx_hal_i2s_ex.o
LOAD ./Drivers/STM32F4xx_HAL_Driver/Src/stm32f4xx_hal_pwr.o
LOAD ./Drivers/STM32F4xx_HAL_Driver/Src/stm32f4xx_hal_pwr_ex.o
LOAD ./Drivers/STM32F4xx_HAL_Driver/Src/stm32f4xx_hal_rcc.o
LOAD ./Drivers/STM32F4xx_HAL_Driver/Src/stm32f4xx_hal_rcc_ex.o
LOAD ./Drivers/STM32F4xx_HAL_Driver/Src/stm32f4xx_hal_spi.o
LOAD ./Drivers/STM32F4xx_HAL_Driver/Src/stm32f4xx_hal_tim.o
LOAD ./Drivers/STM32F4xx_HAL_Driver/Src/stm32f4xx_hal_tim_ex.o
LOAD ./Drivers/STM32F4xx_HAL_Driver/Src/stm32f4xx_ll_usb.o
LOAD ./Middlewares/ST/STM32_USB_Host_Library/Class/CDC/Src/usbh_cdc.o
LOAD ./Middlewares/ST/STM32_USB_Host_Library/Core/Src/usbh_core.o
LOAD ./Middlewares/ST/STM32_USB_Host_Library/Core/Src/usbh_ctlreq.o
LOAD ./Middlewares/ST/STM32_USB_Host_Library/Core/Src/usbh_ioreq.o
LOAD ./Middlewares/ST/STM32_USB_Host_Library/Core/Src/usbh_pipes.o
LOAD ./Middlewares/Third_Party/FreeRTOS/Source/CMSIS_RTOS_V2/cmsis_os2.o
LOAD ./Middlewares/Third_Party/FreeRTOS/Source/croutine.o
LOAD ./Middlewares/Third_Party/FreeRTOS/Source/event_groups.o
LOAD ./Middlewares/Third_Party/FreeRTOS/Source/list.o
LOAD ./Middlewares/Third_Party/FreeRTOS/Source/queue.o
LOAD ./Middlewares/Third_Party/FreeRTOS/Source/stream_buffer.o
LOAD ./Middlewares/Third_Party/FreeRTOS/Source/tasks.o
LOAD ./Middlewares/Third_Party/FreeRTOS/Source/timers.o
LOAD ./Middlewares/Third_Party/FreeRTOS/Source/portable/GCC/ARM_CM4F/port.o
LOAD ./Middlewares/Third_Party/FreeRTOS/Source/portable/MemMang/heap_4.o
LOAD ./USB_HOST/App/usb_host.o
LOAD ./USB_HOST/Target/usbh_conf.o
LOAD ./USB_HOST/Target/usbh_platform.o
START GROUP
LOAD /opt/st/stm32cubeide_1.13.1/plugins/com.st.stm32cube.ide.mcu.externaltools.gnu-tools-for-stm32.12.3.rel1.linux64_1.0.100.202403111256/tools/bin/../lib/gcc/arm-none-eabi/12.3.1/../../../../arm-none-eabi/lib/thumb/v7e-m+fp/hard/libc_nano.a
LOAD /opt/st/stm32cubeide_1.13.1/plugins/com.st.stm32cube.ide.mcu.externaltools.gnu-tools-for-stm32.12.3.rel1.linux64_1.0.100.202403111256/tools/bin/../lib/gcc/arm-none-eabi/12.3.1/../../../../arm-none-eabi/lib/thumb/v7e-m+fp/hard/libm.a
END GROUP
START GROUP
LOAD /opt/st/stm32cubeide_1.13.1/plugins/com.st.stm32cube.ide.mcu.externaltools.gnu-tools-for-stm32.12.3.rel1.linux64_1.0.100.202403111256/tools/bin/../lib/gcc/arm-none-eabi/12.3.1/thumb/v7e-m+fp/hard/libgcc.a
LOAD /opt/st/stm32cubeide_1.13.1/plugins/com.st.stm32cube.ide.mcu.externaltools.gnu-tools-for-stm32.12.3.rel1.linux64_1.0.100.202403111256/tools/bin/../lib/gcc/arm-none-eabi/12.3.1/../../../../arm-none-eabi/lib/thumb/v7e-m+fp/hard/libc_nano.a
END GROUP
START GROUP
LOAD /opt/st/stm32cubeide_1.13.1/plugins/com.st.stm32cube.ide.mcu.externaltools.gnu-tools-for-stm32.12.3.rel1.linux64_1.0.100.202403111256/tools/bin/../lib/gcc/arm-none-eabi/12.3.1/thumb/v7e-m+fp/hard/libgcc.a
LOAD /opt/st/stm32cubeide_1.13.1/plugins/com.st.stm32cube.ide.mcu.externaltools.gnu-tools-for-stm32.12.3.rel1.linux64_1.0.100.202403111256/tools/bin/../lib/gcc/arm-none-eabi/12.3.1/../../../../arm-none-eabi/lib/thumb/v7e-m+fp/hard/libc_nano.a
LOAD /opt/st/stm32cubeide_1.13.1/plugins/com.st.stm32cube.ide.mcu.externaltools.gnu-tools-for-stm32.12.3.rel1.linux64_1.0.100.202403111256/tools/bin/../lib/gcc/arm-none-eabi/12.3.1/../../../../arm-none-eabi/lib/thumb/v7e-m+fp/hard/libnosys.a
END GROUP
START GROUP
LOAD /opt/st/stm32cubeide_1.13.1/plugins/com.st.stm32cube.ide.mcu.externaltools.gnu-tools-for-stm32.12.3.rel1.linux64_1.0.100.202403111256/tools/bin/../lib/gcc/arm-none-eabi/12.3.1/thumb/v7e-m+fp/hard/libgcc.a
LOAD /opt/st/stm32cubeide_1.13.1/plugins/com.st.stm32cube.ide.mcu.externaltools.gnu-tools-for-stm32.12.3.rel1.linux64_1.0.100.202403111256/tools/bin/../lib/gcc/arm-none-eabi/12.3.1/../../../../arm-none-eabi/lib/thumb/v7e-m+fp/hard/libc_nano.a
LOAD /opt/st/stm32cubeide_1.13.1/plugins/com.st.stm32cube.ide.mcu.externaltools.gnu-tools-for-stm32.12.3.rel1.linux64_1.0.100.202403111256/tools/bin/../lib/gcc/arm-none-eabi/12.3.1/../../../../arm-none-eabi/lib/thumb/v7e-m+fp/hard/libnosys.a
END GROUP
LOAD /opt/st/stm32cubeide_1.13.1/plugins/com.st.stm32cube.ide.mcu.externaltools.gnu-tools-for-stm32.12.3.rel1.linux64_1.0.100.202403111256/tools/bin/../lib/gcc/arm-none-eabi/12.3.1/thumb/v7e-m+fp/hard/crtend.o
LOAD /opt/st/stm32cubeide_1.13.1/plugins/com.st.stm32cube.ide.mcu.externaltools.gnu-tools-for-stm32.12.3.rel1.linux64_1.0.100.202403111256/tools/bin/../lib/gcc/arm-none-eabi/12.3.1/thumb/v7e-m+fp/hard/crtn.o
                0x20020000                        _estack = (ORIGIN (RAM) + LENGTH (RAM))
                0x00000200                        _Min_Heap_Size = 0x200
                0x00000400                        _Min_Stack_Size = 0x400

.isr_vector     0x08000000      0x188
                0x08000000                        . = ALIGN (0x4)
 *(.isr_vector)
 .isr_vector    0x08000000      0x188 ./Core/Startup/startup_stm32f407vgtx.o
                0x08000000                g_pfnVectors
                0x08000188                        . = ALIGN (0x4)

.text           0x08000190     0xd72c
                0x08000190                        . = ALIGN (0x4)
 *(.text)
 .text          0x08000190       0x40 /opt/st/stm32cubeide_1.13.1/plugins/com.st.stm32cube.ide.mcu.externaltools.gnu-tools-for-stm32.12.3.rel1.linux64_1.0.100.202403111256/tools/bin/../lib/gcc/arm-none-eabi/12.3.1/thumb/v7e-m+fp/hard/crtbegin.o
 .text          0x080001d0       0xa0 /opt/st/stm32cubeide_1.13.1/plugins/com.st.stm32cube.ide.mcu.externaltools.gnu-tools-for-stm32.12.3.rel1.linux64_1.0.100.202403111256/tools/bin/../lib/gcc/arm-none-eabi/12.3.1/../../../../arm-none-eabi/lib/thumb/v7e-m+fp/hard/libc_nano.a(libc_a-memchr.o)
                0x080001d0                memchr
 .text          0x08000270       0x30 /opt/st/stm32cubeide_1.13.1/plugins/com.st.stm32cube.ide.mcu.externaltools.gnu-tools-for-stm32.12.3.rel1.linux64_1.0.100.202403111256/tools/bin/../lib/gcc/arm-none-eabi/12.3.1/thumb/v7e-m+fp/hard/libgcc.a(_aeabi_uldivmod.o)
                0x08000270                __aeabi_uldivmod
 .text          0x080002a0      0x2bc /opt/st/stm32cubeide_1.13.1/plugins/com.st.stm32cube.ide.mcu.externaltools.gnu-tools-for-stm32.12.3.rel1.linux64_1.0.100.202403111256/tools/bin/../lib/gcc/arm-none-eabi/12.3.1/thumb/v7e-m+fp/hard/libgcc.a(_udivmoddi4.o)
                0x080002a0                __udivmoddi4
 .text          0x0800055c        0x4 /opt/st/stm32cubeide_1.13.1/plugins/com.st.stm32cube.ide.mcu.externaltools.gnu-tools-for-stm32.12.3.rel1.linux64_1.0.100.202403111256/tools/bin/../lib/gcc/arm-none-eabi/12.3.1/thumb/v7e-m+fp/hard/libgcc.a(_dvmd_tls.o)
                0x0800055c                __aeabi_ldiv0
                0x0800055c                __aeabi_idiv0
 *(.text*)
 .text.ITM_SendChar
                0x08000560       0x4e ./Core/Src/main.o
 *fill*         0x080005ae        0x2 
 .text.main     0x080005b0       0x90 ./Core/Src/main.o
                0x080005b0                main
 .text.Task1_Handler
                0x08000640       0x34 ./Core/Src/main.o
                0x08000640                Task1_Handler
 .text.Task2_Handler
                0x08000674       0x34 ./Core/Src/main.o
                0x08000674                Task2_Handler
 .text._write   0x080006a8       0x38 ./Core/Src/main.o
                0x080006a8                _write
 .text.SystemClock_Config
                0x080006e0       0xdc ./Core/Src/main.o
                0x080006e0                SystemClock_Config
 .text.MX_I2C1_Init
                0x080007bc       0x5c ./Core/Src/main.o
 .text.MX_I2S3_Init
                0x08000818       0x60 ./Core/Src/main.o
 .text.MX_SPI1_Init
                0x08000878       0x6c ./Core/Src/main.o
 .text.MX_GPIO_Init
                0x080008e4      0x1fc ./Core/Src/main.o
 .text.StartDefaultTask
                0x08000ae0       0x14 ./Core/Src/main.o
                0x08000ae0                StartDefaultTask
 .text.HAL_TIM_PeriodElapsedCallback
                0x08000af4       0x24 ./Core/Src/main.o
                0x08000af4                HAL_TIM_PeriodElapsedCallback
 .text.Error_Handler
                0x08000b18        0xc ./Core/Src/main.o
                0x08000b18                Error_Handler
 .text.HAL_MspInit
                0x08000b24       0x58 ./Core/Src/stm32f4xx_hal_msp.o
                0x08000b24                HAL_MspInit
 .text.HAL_I2C_MspInit
                0x08000b7c       0x90 ./Core/Src/stm32f4xx_hal_msp.o
                0x08000b7c                HAL_I2C_MspInit
 .text.HAL_I2S_MspInit
                0x08000c0c      0x100 ./Core/Src/stm32f4xx_hal_msp.o
                0x08000c0c                HAL_I2S_MspInit
 .text.HAL_SPI_MspInit
                0x08000d0c       0x90 ./Core/Src/stm32f4xx_hal_msp.o
                0x08000d0c                HAL_SPI_MspInit
 .text.HAL_InitTick
                0x08000d9c       0xf8 ./Core/Src/stm32f4xx_hal_timebase_tim.o
                0x08000d9c                HAL_InitTick
 .text.NMI_Handler
                0x08000e94        0x8 ./Core/Src/stm32f4xx_it.o
                0x08000e94                NMI_Handler
 .text.HardFault_Handler
                0x08000e9c        0x8 ./Core/Src/stm32f4xx_it.o
                0x08000e9c                HardFault_Handler
 .text.MemManage_Handler
                0x08000ea4        0x8 ./Core/Src/stm32f4xx_it.o
                0x08000ea4                MemManage_Handler
 .text.BusFault_Handler
                0x08000eac        0x8 ./Core/Src/stm32f4xx_it.o
                0x08000eac                BusFault_Handler
 .text.UsageFault_Handler
                0x08000eb4        0x8 ./Core/Src/stm32f4xx_it.o
                0x08000eb4                UsageFault_Handler
 .text.DebugMon_Handler
                0x08000ebc        0xe ./Core/Src/stm32f4xx_it.o
                0x08000ebc                DebugMon_Handler
 *fill*         0x08000eca        0x2 
 .text.TIM8_TRG_COM_TIM14_IRQHandler
                0x08000ecc       0x14 ./Core/Src/stm32f4xx_it.o
                0x08000ecc                TIM8_TRG_COM_TIM14_IRQHandler
 .text.OTG_FS_IRQHandler
                0x08000ee0       0x14 ./Core/Src/stm32f4xx_it.o
                0x08000ee0                OTG_FS_IRQHandler
 .text._read    0x08000ef4       0x3a ./Core/Src/syscalls.o
                0x08000ef4                _read
 .text._close   0x08000f2e       0x18 ./Core/Src/syscalls.o
                0x08000f2e                _close
 .text._fstat   0x08000f46       0x20 ./Core/Src/syscalls.o
                0x08000f46                _fstat
 .text._isatty  0x08000f66       0x16 ./Core/Src/syscalls.o
                0x08000f66                _isatty
 .text._lseek   0x08000f7c       0x1a ./Core/Src/syscalls.o
                0x08000f7c                _lseek
 *fill*         0x08000f96        0x2 
 .text._sbrk    0x08000f98       0x6c ./Core/Src/sysmem.o
                0x08000f98                _sbrk
 .text.SystemInit
                0x08001004       0x24 ./Core/Src/system_stm32f4xx.o
                0x08001004                SystemInit
 .text.Reset_Handler
                0x08001028       0x50 ./Core/Startup/startup_stm32f407vgtx.o
                0x08001028                Reset_Handler
 .text.Default_Handler
                0x08001078        0x2 ./Core/Startup/startup_stm32f407vgtx.o
                0x08001078                RTC_Alarm_IRQHandler
                0x08001078                HASH_RNG_IRQHandler
                0x08001078                EXTI2_IRQHandler
                0x08001078                TIM8_CC_IRQHandler
                0x08001078                TIM1_CC_IRQHandler
                0x08001078                DMA2_Stream5_IRQHandler
                0x08001078                DMA1_Stream5_IRQHandler
                0x08001078                PVD_IRQHandler
                0x08001078                SDIO_IRQHandler
                0x08001078                TAMP_STAMP_IRQHandler
                0x08001078                CAN2_RX1_IRQHandler
                0x08001078                EXTI3_IRQHandler
                0x08001078                TIM1_UP_TIM10_IRQHandler
                0x08001078                TIM8_UP_TIM13_IRQHandler
                0x08001078                I2C3_ER_IRQHandler
                0x08001078                EXTI0_IRQHandler
                0x08001078                I2C2_EV_IRQHandler
                0x08001078                DMA1_Stream2_IRQHandler
                0x08001078                CAN1_RX0_IRQHandler
                0x08001078                FPU_IRQHandler
                0x08001078                OTG_HS_WKUP_IRQHandler
                0x08001078                CAN2_SCE_IRQHandler
                0x08001078                DMA2_Stream2_IRQHandler
                0x08001078                SPI1_IRQHandler
                0x08001078                TIM6_DAC_IRQHandler
                0x08001078                TIM1_BRK_TIM9_IRQHandler
                0x08001078                DCMI_IRQHandler
                0x08001078                CAN2_RX0_IRQHandler
                0x08001078                DMA2_Stream3_IRQHandler
                0x08001078                USART6_IRQHandler
                0x08001078                USART3_IRQHandler
                0x08001078                CAN1_RX1_IRQHandler
                0x08001078                UART5_IRQHandler
                0x08001078                DMA2_Stream0_IRQHandler
                0x08001078                TIM4_IRQHandler
                0x08001078                I2C1_EV_IRQHandler
                0x08001078                DMA1_Stream6_IRQHandler
                0x08001078                DMA1_Stream1_IRQHandler
                0x08001078                UART4_IRQHandler
                0x08001078                TIM3_IRQHandler
                0x08001078                RCC_IRQHandler
                0x08001078                TIM8_BRK_TIM12_IRQHandler
                0x08001078                Default_Handler
                0x08001078                EXTI15_10_IRQHandler
                0x08001078                ADC_IRQHandler
                0x08001078                DMA1_Stream7_IRQHandler
                0x08001078                TIM7_IRQHandler
                0x08001078                CAN2_TX_IRQHandler
                0x08001078                TIM5_IRQHandler
                0x08001078                DMA2_Stream7_IRQHandler
                0x08001078                I2C3_EV_IRQHandler
                0x08001078                EXTI9_5_IRQHandler
                0x08001078                RTC_WKUP_IRQHandler
                0x08001078                ETH_WKUP_IRQHandler
                0x08001078                SPI2_IRQHandler
                0x08001078                OTG_HS_EP1_IN_IRQHandler
                0x08001078                DMA1_Stream0_IRQHandler
                0x08001078                CAN1_TX_IRQHandler
                0x08001078                EXTI4_IRQHandler
                0x08001078                FSMC_IRQHandler
                0x08001078                ETH_IRQHandler
                0x08001078                OTG_HS_EP1_OUT_IRQHandler
                0x08001078                WWDG_IRQHandler
                0x08001078                TIM2_IRQHandler
                0x08001078                OTG_FS_WKUP_IRQHandler
                0x08001078                TIM1_TRG_COM_TIM11_IRQHandler
                0x08001078                OTG_HS_IRQHandler
                0x08001078                EXTI1_IRQHandler
                0x08001078                USART2_IRQHandler
                0x08001078                I2C2_ER_IRQHandler
                0x08001078                DMA2_Stream1_IRQHandler
                0x08001078                CAN1_SCE_IRQHandler
                0x08001078                FLASH_IRQHandler
                0x08001078                DMA2_Stream4_IRQHandler
                0x08001078                USART1_IRQHandler
                0x08001078                SPI3_IRQHandler
                0x08001078                DMA1_Stream4_IRQHandler
                0x08001078                I2C1_ER_IRQHandler
                0x08001078                DMA2_Stream6_IRQHandler
                0x08001078                DMA1_Stream3_IRQHandler
 *fill*         0x0800107a        0x2 
 .text.HAL_Init
                0x0800107c       0x44 ./Drivers/STM32F4xx_HAL_Driver/Src/stm32f4xx_hal.o
                0x0800107c                HAL_Init
 .text.HAL_IncTick
                0x080010c0       0x28 ./Drivers/STM32F4xx_HAL_Driver/Src/stm32f4xx_hal.o
                0x080010c0                HAL_IncTick
 .text.HAL_GetTick
                0x080010e8       0x18 ./Drivers/STM32F4xx_HAL_Driver/Src/stm32f4xx_hal.o
                0x080010e8                HAL_GetTick
 .text.HAL_Delay
                0x08001100       0x48 ./Drivers/STM32F4xx_HAL_Driver/Src/stm32f4xx_hal.o
                0x08001100                HAL_Delay
 .text.__NVIC_SetPriorityGrouping
                0x08001148       0x48 ./Drivers/STM32F4xx_HAL_Driver/Src/stm32f4xx_hal_cortex.o
 .text.__NVIC_GetPriorityGrouping
                0x08001190       0x1c ./Drivers/STM32F4xx_HAL_Driver/Src/stm32f4xx_hal_cortex.o
 .text.__NVIC_EnableIRQ
                0x080011ac       0x3c ./Drivers/STM32F4xx_HAL_Driver/Src/stm32f4xx_hal_cortex.o
 .text.__NVIC_SetPriority
                0x080011e8       0x54 ./Drivers/STM32F4xx_HAL_Driver/Src/stm32f4xx_hal_cortex.o
 .text.NVIC_EncodePriority
                0x0800123c       0x66 ./Drivers/STM32F4xx_HAL_Driver/Src/stm32f4xx_hal_cortex.o
 .text.HAL_NVIC_SetPriorityGrouping
                0x080012a2       0x16 ./Drivers/STM32F4xx_HAL_Driver/Src/stm32f4xx_hal_cortex.o
                0x080012a2                HAL_NVIC_SetPriorityGrouping
 .text.HAL_NVIC_SetPriority
                0x080012b8       0x38 ./Drivers/STM32F4xx_HAL_Driver/Src/stm32f4xx_hal_cortex.o
                0x080012b8                HAL_NVIC_SetPriority
 .text.HAL_NVIC_EnableIRQ
                0x080012f0       0x1c ./Drivers/STM32F4xx_HAL_Driver/Src/stm32f4xx_hal_cortex.o
                0x080012f0                HAL_NVIC_EnableIRQ
 .text.HAL_GPIO_Init
                0x0800130c      0x338 ./Drivers/STM32F4xx_HAL_Driver/Src/stm32f4xx_hal_gpio.o
                0x0800130c                HAL_GPIO_Init
 .text.HAL_GPIO_WritePin
                0x08001644       0x32 ./Drivers/STM32F4xx_HAL_Driver/Src/stm32f4xx_hal_gpio.o
                0x08001644                HAL_GPIO_WritePin
 .text.HAL_HCD_Init
                0x08001676       0xce ./Drivers/STM32F4xx_HAL_Driver/Src/stm32f4xx_hal_hcd.o
                0x08001676                HAL_HCD_Init
 .text.HAL_HCD_HC_Init
                0x08001744      0x170 ./Drivers/STM32F4xx_HAL_Driver/Src/stm32f4xx_hal_hcd.o
                0x08001744                HAL_HCD_HC_Init
 .text.HAL_HCD_HC_Halt
                0x080018b4       0x46 ./Drivers/STM32F4xx_HAL_Driver/Src/stm32f4xx_hal_hcd.o
                0x080018b4                HAL_HCD_HC_Halt
 *fill*         0x080018fa        0x2 
 .text.HAL_HCD_HC_SubmitRequest
                0x080018fc      0x33c ./Drivers/STM32F4xx_HAL_Driver/Src/stm32f4xx_hal_hcd.o
                0x080018fc                HAL_HCD_HC_SubmitRequest
 .text.HAL_HCD_IRQHandler
                0x08001c38      0x220 ./Drivers/STM32F4xx_HAL_Driver/Src/stm32f4xx_hal_hcd.o
                0x08001c38                HAL_HCD_IRQHandler
 .text.HAL_HCD_Start
                0x08001e58       0x46 ./Drivers/STM32F4xx_HAL_Driver/Src/stm32f4xx_hal_hcd.o
                0x08001e58                HAL_HCD_Start
 .text.HAL_HCD_Stop
                0x08001e9e       0x3a ./Drivers/STM32F4xx_HAL_Driver/Src/stm32f4xx_hal_hcd.o
                0x08001e9e                HAL_HCD_Stop
 .text.HAL_HCD_ResetPort
                0x08001ed8       0x1c ./Drivers/STM32F4xx_HAL_Driver/Src/stm32f4xx_hal_hcd.o
                0x08001ed8                HAL_HCD_ResetPort
 .text.HAL_HCD_HC_GetURBState
                0x08001ef4       0x2a ./Drivers/STM32F4xx_HAL_Driver/Src/stm32f4xx_hal_hcd.o
                0x08001ef4                HAL_HCD_HC_GetURBState
 .text.HAL_HCD_HC_GetXferCount
                0x08001f1e       0x2a ./Drivers/STM32F4xx_HAL_Driver/Src/stm32f4xx_hal_hcd.o
                0x08001f1e                HAL_HCD_HC_GetXferCount
 .text.HAL_HCD_GetCurrentFrame
                0x08001f48       0x1c ./Drivers/STM32F4xx_HAL_Driver/Src/stm32f4xx_hal_hcd.o
                0x08001f48                HAL_HCD_GetCurrentFrame
 .text.HAL_HCD_GetCurrentSpeed
                0x08001f64       0x1c ./Drivers/STM32F4xx_HAL_Driver/Src/stm32f4xx_hal_hcd.o
                0x08001f64                HAL_HCD_GetCurrentSpeed
 .text.HAL_HCD_HC_ClearHubInfo
                0x08001f80       0x6a ./Drivers/STM32F4xx_HAL_Driver/Src/stm32f4xx_hal_hcd.o
                0x08001f80                HAL_HCD_HC_ClearHubInfo
 .text.HCD_HC_IN_IRQHandler
                0x08001fea      0xcd2 ./Drivers/STM32F4xx_HAL_Driver/Src/stm32f4xx_hal_hcd.o
 .text.HCD_HC_OUT_IRQHandler
                0x08002cbc      0x94a ./Drivers/STM32F4xx_HAL_Driver/Src/stm32f4xx_hal_hcd.o
 .text.HCD_RXQLVL_IRQHandler
                0x08003606      0x1be ./Drivers/STM32F4xx_HAL_Driver/Src/stm32f4xx_hal_hcd.o
 .text.HCD_Port_IRQHandler
                0x080037c4       0xe6 ./Drivers/STM32F4xx_HAL_Driver/Src/stm32f4xx_hal_hcd.o
 *fill*         0x080038aa        0x2 
 .text.HAL_I2C_Init
                0x080038ac      0x288 ./Drivers/STM32F4xx_HAL_Driver/Src/stm32f4xx_hal_i2c.o
                0x080038ac                HAL_I2C_Init
 .text.HAL_I2S_Init
                0x08003b34      0x280 ./Drivers/STM32F4xx_HAL_Driver/Src/stm32f4xx_hal_i2s.o
                0x08003b34                HAL_I2S_Init
 .text.HAL_I2S_TxCpltCallback
                0x08003db4       0x14 ./Drivers/STM32F4xx_HAL_Driver/Src/stm32f4xx_hal_i2s.o
                0x08003db4                HAL_I2S_TxCpltCallback
 .text.HAL_I2S_RxCpltCallback
                0x08003dc8       0x14 ./Drivers/STM32F4xx_HAL_Driver/Src/stm32f4xx_hal_i2s.o
                0x08003dc8                HAL_I2S_RxCpltCallback
 .text.HAL_I2S_ErrorCallback
                0x08003ddc       0x14 ./Drivers/STM32F4xx_HAL_Driver/Src/stm32f4xx_hal_i2s.o
                0x08003ddc                HAL_I2S_ErrorCallback
 .text.I2S_Transmit_IT
                0x08003df0       0x5c ./Drivers/STM32F4xx_HAL_Driver/Src/stm32f4xx_hal_i2s.o
 .text.I2S_Receive_IT
                0x08003e4c       0x5e ./Drivers/STM32F4xx_HAL_Driver/Src/stm32f4xx_hal_i2s.o
 .text.I2S_IRQHandler
                0x08003eaa      0x114 ./Drivers/STM32F4xx_HAL_Driver/Src/stm32f4xx_hal_i2s.o
 *fill*         0x08003fbe        0x2 
 .text.HAL_I2SEx_FullDuplex_IRQHandler
                0x08003fc0      0x2a8 ./Drivers/STM32F4xx_HAL_Driver/Src/stm32f4xx_hal_i2s_ex.o
                0x08003fc0                HAL_I2SEx_FullDuplex_IRQHandler
 .text.HAL_I2SEx_TxRxCpltCallback
                0x08004268       0x14 ./Drivers/STM32F4xx_HAL_Driver/Src/stm32f4xx_hal_i2s_ex.o
                0x08004268                HAL_I2SEx_TxRxCpltCallback
 .text.I2SEx_TxISR_I2S
                0x0800427c       0x62 ./Drivers/STM32F4xx_HAL_Driver/Src/stm32f4xx_hal_i2s_ex.o
 *fill*         0x080042de        0x2 
 .text.I2SEx_TxISR_I2SExt
                0x080042e0       0x98 ./Drivers/STM32F4xx_HAL_Driver/Src/stm32f4xx_hal_i2s_ex.o
 .text.I2SEx_RxISR_I2S
                0x08004378       0x64 ./Drivers/STM32F4xx_HAL_Driver/Src/stm32f4xx_hal_i2s_ex.o
 .text.I2SEx_RxISR_I2SExt
                0x080043dc       0x98 ./Drivers/STM32F4xx_HAL_Driver/Src/stm32f4xx_hal_i2s_ex.o
 .text.HAL_RCC_OscConfig
                0x08004474      0x4f0 ./Drivers/STM32F4xx_HAL_Driver/Src/stm32f4xx_hal_rcc.o
                0x08004474                HAL_RCC_OscConfig
 .text.HAL_RCC_ClockConfig
                0x08004964      0x1cc ./Drivers/STM32F4xx_HAL_Driver/Src/stm32f4xx_hal_rcc.o
                0x08004964                HAL_RCC_ClockConfig
 .text.HAL_RCC_GetSysClockFreq
                0x08004b30      0x20c ./Drivers/STM32F4xx_HAL_Driver/Src/stm32f4xx_hal_rcc.o
                0x08004b30                HAL_RCC_GetSysClockFreq
 .text.HAL_RCC_GetHCLKFreq
                0x08004d3c       0x18 ./Drivers/STM32F4xx_HAL_Driver/Src/stm32f4xx_hal_rcc.o
                0x08004d3c                HAL_RCC_GetHCLKFreq
 .text.HAL_RCC_GetPCLK1Freq
                0x08004d54       0x28 ./Drivers/STM32F4xx_HAL_Driver/Src/stm32f4xx_hal_rcc.o
                0x08004d54                HAL_RCC_GetPCLK1Freq
 .text.HAL_RCC_GetClockConfig
                0x08004d7c       0x64 ./Drivers/STM32F4xx_HAL_Driver/Src/stm32f4xx_hal_rcc.o
                0x08004d7c                HAL_RCC_GetClockConfig
 .text.HAL_RCCEx_PeriphCLKConfig
                0x08004de0      0x1c4 ./Drivers/STM32F4xx_HAL_Driver/Src/stm32f4xx_hal_rcc_ex.o
                0x08004de0                HAL_RCCEx_PeriphCLKConfig
 .text.HAL_RCCEx_GetPeriphCLKFreq
                0x08004fa4       0xc0 ./Drivers/STM32F4xx_HAL_Driver/Src/stm32f4xx_hal_rcc_ex.o
                0x08004fa4                HAL_RCCEx_GetPeriphCLKFreq
 .text.HAL_SPI_Init
                0x08005064      0x112 ./Drivers/STM32F4xx_HAL_Driver/Src/stm32f4xx_hal_spi.o
                0x08005064                HAL_SPI_Init
 .text.HAL_TIM_Base_Init
                0x08005176       0x9e ./Drivers/STM32F4xx_HAL_Driver/Src/stm32f4xx_hal_tim.o
                0x08005176                HAL_TIM_Base_Init
 .text.HAL_TIM_Base_MspInit
                0x08005214       0x14 ./Drivers/STM32F4xx_HAL_Driver/Src/stm32f4xx_hal_tim.o
                0x08005214                HAL_TIM_Base_MspInit
 .text.HAL_TIM_Base_Start_IT
                0x08005228       0xe0 ./Drivers/STM32F4xx_HAL_Driver/Src/stm32f4xx_hal_tim.o
                0x08005228                HAL_TIM_Base_Start_IT
 .text.HAL_TIM_IRQHandler
                0x08005308      0x1e0 ./Drivers/STM32F4xx_HAL_Driver/Src/stm32f4xx_hal_tim.o
                0x08005308                HAL_TIM_IRQHandler
 .text.HAL_TIM_OC_DelayElapsedCallback
                0x080054e8       0x14 ./Drivers/STM32F4xx_HAL_Driver/Src/stm32f4xx_hal_tim.o
                0x080054e8                HAL_TIM_OC_DelayElapsedCallback
 .text.HAL_TIM_IC_CaptureCallback
                0x080054fc       0x14 ./Drivers/STM32F4xx_HAL_Driver/Src/stm32f4xx_hal_tim.o
                0x080054fc                HAL_TIM_IC_CaptureCallback
 .text.HAL_TIM_PWM_PulseFinishedCallback
                0x08005510       0x14 ./Drivers/STM32F4xx_HAL_Driver/Src/stm32f4xx_hal_tim.o
                0x08005510                HAL_TIM_PWM_PulseFinishedCallback
 .text.HAL_TIM_TriggerCallback
                0x08005524       0x14 ./Drivers/STM32F4xx_HAL_Driver/Src/stm32f4xx_hal_tim.o
                0x08005524                HAL_TIM_TriggerCallback
 .text.TIM_Base_SetConfig
                0x08005538      0x158 ./Drivers/STM32F4xx_HAL_Driver/Src/stm32f4xx_hal_tim.o
                0x08005538                TIM_Base_SetConfig
 .text.HAL_TIMEx_CommutCallback
                0x08005690       0x14 ./Drivers/STM32F4xx_HAL_Driver/Src/stm32f4xx_hal_tim_ex.o
                0x08005690                HAL_TIMEx_CommutCallback
 .text.HAL_TIMEx_BreakCallback
                0x080056a4       0x14 ./Drivers/STM32F4xx_HAL_Driver/Src/stm32f4xx_hal_tim_ex.o
                0x080056a4                HAL_TIMEx_BreakCallback
 .text.USB_CoreInit
                0x080056b8       0xc8 ./Drivers/STM32F4xx_HAL_Driver/Src/stm32f4xx_ll_usb.o
                0x080056b8                USB_CoreInit
 .text.USB_EnableGlobalInt
                0x08005780       0x22 ./Drivers/STM32F4xx_HAL_Driver/Src/stm32f4xx_ll_usb.o
                0x08005780                USB_EnableGlobalInt
 .text.USB_DisableGlobalInt
                0x080057a2       0x22 ./Drivers/STM32F4xx_HAL_Driver/Src/stm32f4xx_ll_usb.o
                0x080057a2                USB_DisableGlobalInt
 .text.USB_SetCurrentMode
                0x080057c4       0x98 ./Drivers/STM32F4xx_HAL_Driver/Src/stm32f4xx_ll_usb.o
                0x080057c4                USB_SetCurrentMode
 .text.USB_FlushTxFifo
                0x0800585c       0x64 ./Drivers/STM32F4xx_HAL_Driver/Src/stm32f4xx_ll_usb.o
                0x0800585c                USB_FlushTxFifo
 .text.USB_FlushRxFifo
                0x080058c0       0x5c ./Drivers/STM32F4xx_HAL_Driver/Src/stm32f4xx_ll_usb.o
                0x080058c0                USB_FlushRxFifo
 .text.USB_WritePacket
                0x0800591c       0x7c ./Drivers/STM32F4xx_HAL_Driver/Src/stm32f4xx_ll_usb.o
                0x0800591c                USB_WritePacket
 .text.USB_ReadPacket
                0x08005998       0xb0 ./Drivers/STM32F4xx_HAL_Driver/Src/stm32f4xx_ll_usb.o
                0x08005998                USB_ReadPacket
 .text.USB_ReadInterrupts
                0x08005a48       0x26 ./Drivers/STM32F4xx_HAL_Driver/Src/stm32f4xx_ll_usb.o
                0x08005a48                USB_ReadInterrupts
 .text.USB_ReadChInterrupts
                0x08005a6e       0x42 ./Drivers/STM32F4xx_HAL_Driver/Src/stm32f4xx_ll_usb.o
                0x08005a6e                USB_ReadChInterrupts
 .text.USB_GetMode
                0x08005ab0       0x1c ./Drivers/STM32F4xx_HAL_Driver/Src/stm32f4xx_ll_usb.o
                0x08005ab0                USB_GetMode
 .text.USB_CoreReset
                0x08005acc       0x62 ./Drivers/STM32F4xx_HAL_Driver/Src/stm32f4xx_ll_usb.o
 *fill*         0x08005b2e        0x2 
 .text.USB_HostInit
                0x08005b30      0x188 ./Drivers/STM32F4xx_HAL_Driver/Src/stm32f4xx_ll_usb.o
                0x08005b30                USB_HostInit
 .text.USB_InitFSLSPClkSel
                0x08005cb8       0x7a ./Drivers/STM32F4xx_HAL_Driver/Src/stm32f4xx_ll_usb.o
                0x08005cb8                USB_InitFSLSPClkSel
 .text.USB_ResetPort
                0x08005d32       0x54 ./Drivers/STM32F4xx_HAL_Driver/Src/stm32f4xx_ll_usb.o
                0x08005d32                USB_ResetPort
 .text.USB_DriveVbus
                0x08005d86       0x72 ./Drivers/STM32F4xx_HAL_Driver/Src/stm32f4xx_ll_usb.o
                0x08005d86                USB_DriveVbus
 .text.USB_GetHostSpeed
                0x08005df8       0x2e ./Drivers/STM32F4xx_HAL_Driver/Src/stm32f4xx_ll_usb.o
                0x08005df8                USB_GetHostSpeed
 .text.USB_GetCurrentFrame
                0x08005e26       0x22 ./Drivers/STM32F4xx_HAL_Driver/Src/stm32f4xx_ll_usb.o
                0x08005e26                USB_GetCurrentFrame
 .text.USB_HC_Init
                0x08005e48      0x258 ./Drivers/STM32F4xx_HAL_Driver/Src/stm32f4xx_ll_usb.o
                0x08005e48                USB_HC_Init
 .text.USB_HC_StartXfer
                0x080060a0      0x4f4 ./Drivers/STM32F4xx_HAL_Driver/Src/stm32f4xx_ll_usb.o
                0x080060a0                USB_HC_StartXfer
 .text.USB_HC_ReadInterrupt
                0x08006594       0x22 ./Drivers/STM32F4xx_HAL_Driver/Src/stm32f4xx_ll_usb.o
                0x08006594                USB_HC_ReadInterrupt
 .text.USB_HC_Halt
                0x080065b6      0x240 ./Drivers/STM32F4xx_HAL_Driver/Src/stm32f4xx_ll_usb.o
                0x080065b6                USB_HC_Halt
 *fill*         0x080067f6        0x2 
 .text.USB_DoPing
                0x080067f8       0x78 ./Drivers/STM32F4xx_HAL_Driver/Src/stm32f4xx_ll_usb.o
                0x080067f8                USB_DoPing
 .text.USB_StopHost
                0x08006870      0x124 ./Drivers/STM32F4xx_HAL_Driver/Src/stm32f4xx_ll_usb.o
                0x08006870                USB_StopHost
 .text.USBH_CDC_InterfaceInit
                0x08006994      0x2ac ./Middlewares/ST/STM32_USB_Host_Library/Class/CDC/Src/usbh_cdc.o
 .text.USBH_CDC_InterfaceDeInit
                0x08006c40       0xb2 ./Middlewares/ST/STM32_USB_Host_Library/Class/CDC/Src/usbh_cdc.o
 .text.USBH_CDC_ClassRequest
                0x08006cf2       0x3e ./Middlewares/ST/STM32_USB_Host_Library/Class/CDC/Src/usbh_cdc.o
 .text.USBH_CDC_Process
                0x08006d30      0x12c ./Middlewares/ST/STM32_USB_Host_Library/Class/CDC/Src/usbh_cdc.o
 .text.USBH_CDC_SOFProcess
                0x08006e5c       0x16 ./Middlewares/ST/STM32_USB_Host_Library/Class/CDC/Src/usbh_cdc.o
 .text.GetLineCoding
                0x08006e72       0x3e ./Middlewares/ST/STM32_USB_Host_Library/Class/CDC/Src/usbh_cdc.o
 .text.SetLineCoding
                0x08006eb0       0x3e ./Middlewares/ST/STM32_USB_Host_Library/Class/CDC/Src/usbh_cdc.o
 .text.CDC_ProcessTransmission
                0x08006eee      0x124 ./Middlewares/ST/STM32_USB_Host_Library/Class/CDC/Src/usbh_cdc.o
 .text.CDC_ProcessReception
                0x08007012       0xd2 ./Middlewares/ST/STM32_USB_Host_Library/Class/CDC/Src/usbh_cdc.o
 .text.USBH_CDC_TransmitCallback
                0x080070e4       0x14 ./Middlewares/ST/STM32_USB_Host_Library/Class/CDC/Src/usbh_cdc.o
                0x080070e4                USBH_CDC_TransmitCallback
 .text.USBH_CDC_ReceiveCallback
                0x080070f8       0x14 ./Middlewares/ST/STM32_USB_Host_Library/Class/CDC/Src/usbh_cdc.o
                0x080070f8                USBH_CDC_ReceiveCallback
 .text.USBH_CDC_LineCodingChanged
                0x0800710c       0x14 ./Middlewares/ST/STM32_USB_Host_Library/Class/CDC/Src/usbh_cdc.o
                0x0800710c                USBH_CDC_LineCodingChanged
 .text.USBH_Init
                0x08007120       0xb8 ./Middlewares/ST/STM32_USB_Host_Library/Core/Src/usbh_core.o
                0x08007120                USBH_Init
 .text.DeInitStateMachine
                0x080071d8       0xe6 ./Middlewares/ST/STM32_USB_Host_Library/Core/Src/usbh_core.o
 .text.USBH_RegisterClass
                0x080072be       0x54 ./Middlewares/ST/STM32_USB_Host_Library/Core/Src/usbh_core.o
                0x080072be                USBH_RegisterClass
 .text.USBH_SelectInterface
                0x08007312       0x38 ./Middlewares/ST/STM32_USB_Host_Library/Core/Src/usbh_core.o
                0x08007312                USBH_SelectInterface
 .text.USBH_FindInterface
                0x0800734a       0x8c ./Middlewares/ST/STM32_USB_Host_Library/Core/Src/usbh_core.o
                0x0800734a                USBH_FindInterface
 .text.USBH_Start
                0x080073d6       0x20 ./Middlewares/ST/STM32_USB_Host_Library/Core/Src/usbh_core.o
                0x080073d6                USBH_Start
 *fill*         0x080073f6        0x2 
 .text.USBH_Process
                0x080073f8      0x4d4 ./Middlewares/ST/STM32_USB_Host_Library/Core/Src/usbh_core.o
                0x080073f8                USBH_Process
 .text.USBH_HandleEnum
                0x080078cc      0x450 ./Middlewares/ST/STM32_USB_Host_Library/Core/Src/usbh_core.o
 .text.USBH_LL_SetTimer
                0x08007d1c       0x1e ./Middlewares/ST/STM32_USB_Host_Library/Core/Src/usbh_core.o
                0x08007d1c                USBH_LL_SetTimer
 .text.USBH_LL_IncTimer
                0x08007d3a       0x24 ./Middlewares/ST/STM32_USB_Host_Library/Core/Src/usbh_core.o
                0x08007d3a                USBH_LL_IncTimer
 .text.USBH_HandleSof
                0x08007d5e       0x30 ./Middlewares/ST/STM32_USB_Host_Library/Core/Src/usbh_core.o
 .text.USBH_LL_PortEnabled
                0x08007d8e       0x34 ./Middlewares/ST/STM32_USB_Host_Library/Core/Src/usbh_core.o
                0x08007d8e                USBH_LL_PortEnabled
 .text.USBH_LL_PortDisabled
                0x08007dc2       0x1c ./Middlewares/ST/STM32_USB_Host_Library/Core/Src/usbh_core.o
                0x08007dc2                USBH_LL_PortDisabled
 .text.USBH_LL_Connect
                0x08007dde       0x46 ./Middlewares/ST/STM32_USB_Host_Library/Core/Src/usbh_core.o
                0x08007dde                USBH_LL_Connect
 .text.USBH_LL_Disconnect
                0x08007e24       0x64 ./Middlewares/ST/STM32_USB_Host_Library/Core/Src/usbh_core.o
                0x08007e24                USBH_LL_Disconnect
 .text.USBH_Process_OS
                0x08007e88       0x2e ./Middlewares/ST/STM32_USB_Host_Library/Core/Src/usbh_core.o
 .text.USBH_LL_NotifyURBChange
                0x08007eb6       0x2e ./Middlewares/ST/STM32_USB_Host_Library/Core/Src/usbh_core.o
                0x08007eb6                USBH_LL_NotifyURBChange
 .text.USBH_Get_DevDesc
                0x08007ee4       0x58 ./Middlewares/ST/STM32_USB_Host_Library/Core/Src/usbh_ctlreq.o
                0x08007ee4                USBH_Get_DevDesc
 .text.USBH_Get_CfgDesc
                0x08007f3c       0x54 ./Middlewares/ST/STM32_USB_Host_Library/Core/Src/usbh_ctlreq.o
                0x08007f3c                USBH_Get_CfgDesc
 .text.USBH_Get_StringDesc
                0x08007f90       0x68 ./Middlewares/ST/STM32_USB_Host_Library/Core/Src/usbh_ctlreq.o
                0x08007f90                USBH_Get_StringDesc
 .text.USBH_GetDescriptor
                0x08007ff8       0x6a ./Middlewares/ST/STM32_USB_Host_Library/Core/Src/usbh_ctlreq.o
                0x08007ff8                USBH_GetDescriptor
 .text.USBH_SetAddress
                0x08008062       0x48 ./Middlewares/ST/STM32_USB_Host_Library/Core/Src/usbh_ctlreq.o
                0x08008062                USBH_SetAddress
 .text.USBH_SetCfg
                0x080080aa       0x46 ./Middlewares/ST/STM32_USB_Host_Library/Core/Src/usbh_ctlreq.o
                0x080080aa                USBH_SetCfg
 .text.USBH_SetFeature
                0x080080f0       0x48 ./Middlewares/ST/STM32_USB_Host_Library/Core/Src/usbh_ctlreq.o
                0x080080f0                USBH_SetFeature
 .text.USBH_ClrFeature
                0x08008138       0x48 ./Middlewares/ST/STM32_USB_Host_Library/Core/Src/usbh_ctlreq.o
                0x08008138                USBH_ClrFeature
 .text.USBH_ParseDevDesc
                0x08008180      0x160 ./Middlewares/ST/STM32_USB_Host_Library/Core/Src/usbh_ctlreq.o
 .text.USBH_ParseCfgDesc
                0x080082e0      0x1f0 ./Middlewares/ST/STM32_USB_Host_Library/Core/Src/usbh_ctlreq.o
 .text.USBH_ParseInterfaceDesc
                0x080084d0       0x68 ./Middlewares/ST/STM32_USB_Host_Library/Core/Src/usbh_ctlreq.o
 .text.USBH_ParseEPDesc
                0x08008538      0x1d0 ./Middlewares/ST/STM32_USB_Host_Library/Core/Src/usbh_ctlreq.o
 .text.USBH_ParseStringDesc
                0x08008708       0x66 ./Middlewares/ST/STM32_USB_Host_Library/Core/Src/usbh_ctlreq.o
 .text.USBH_GetNextDesc
                0x0800876e       0x34 ./Middlewares/ST/STM32_USB_Host_Library/Core/Src/usbh_ctlreq.o
                0x0800876e                USBH_GetNextDesc
 .text.USBH_CtlReq
                0x080087a2       0xb2 ./Middlewares/ST/STM32_USB_Host_Library/Core/Src/usbh_ctlreq.o
                0x080087a2                USBH_CtlReq
 .text.USBH_HandleControl
                0x08008854      0x490 ./Middlewares/ST/STM32_USB_Host_Library/Core/Src/usbh_ctlreq.o
 .text.USBH_CtlSendSetup
                0x08008ce4       0x34 ./Middlewares/ST/STM32_USB_Host_Library/Core/Src/usbh_ioreq.o
                0x08008ce4                USBH_CtlSendSetup
 .text.USBH_CtlSendData
                0x08008d18       0x4a ./Middlewares/ST/STM32_USB_Host_Library/Core/Src/usbh_ioreq.o
                0x08008d18                USBH_CtlSendData
 .text.USBH_CtlReceiveData
                0x08008d62       0x3c ./Middlewares/ST/STM32_USB_Host_Library/Core/Src/usbh_ioreq.o
                0x08008d62                USBH_CtlReceiveData
 .text.USBH_BulkSendData
                0x08008d9e       0x4a ./Middlewares/ST/STM32_USB_Host_Library/Core/Src/usbh_ioreq.o
                0x08008d9e                USBH_BulkSendData
 .text.USBH_BulkReceiveData
                0x08008de8       0x3c ./Middlewares/ST/STM32_USB_Host_Library/Core/Src/usbh_ioreq.o
                0x08008de8                USBH_BulkReceiveData
 .text.USBH_OpenPipe
                0x08008e24       0x3e ./Middlewares/ST/STM32_USB_Host_Library/Core/Src/usbh_pipes.o
                0x08008e24                USBH_OpenPipe
 .text.USBH_ClosePipe
                0x08008e62       0x20 ./Middlewares/ST/STM32_USB_Host_Library/Core/Src/usbh_pipes.o
                0x08008e62                USBH_ClosePipe
 .text.USBH_AllocPipe
                0x08008e82       0x42 ./Middlewares/ST/STM32_USB_Host_Library/Core/Src/usbh_pipes.o
                0x08008e82                USBH_AllocPipe
 .text.USBH_FreePipe
                0x08008ec4       0x3c ./Middlewares/ST/STM32_USB_Host_Library/Core/Src/usbh_pipes.o
                0x08008ec4                USBH_FreePipe
 .text.USBH_GetFreePipe
                0x08008f00       0x48 ./Middlewares/ST/STM32_USB_Host_Library/Core/Src/usbh_pipes.o
 .text.__NVIC_SetPriority
                0x08008f48       0x54 ./Middlewares/Third_Party/FreeRTOS/Source/CMSIS_RTOS_V2/cmsis_os2.o
 .text.SysTick_Handler
                0x08008f9c       0x20 ./Middlewares/Third_Party/FreeRTOS/Source/CMSIS_RTOS_V2/cmsis_os2.o
                0x08008f9c                SysTick_Handler
 .text.SVC_Setup
                0x08008fbc       0x12 ./Middlewares/Third_Party/FreeRTOS/Source/CMSIS_RTOS_V2/cmsis_os2.o
 *fill*         0x08008fce        0x2 
 .text.osKernelInitialize
                0x08008fd0       0x48 ./Middlewares/Third_Party/FreeRTOS/Source/CMSIS_RTOS_V2/cmsis_os2.o
                0x08008fd0                osKernelInitialize
 .text.osKernelStart
                0x08009018       0x4c ./Middlewares/Third_Party/FreeRTOS/Source/CMSIS_RTOS_V2/cmsis_os2.o
                0x08009018                osKernelStart
 .text.osThreadNew
                0x08009064      0x124 ./Middlewares/Third_Party/FreeRTOS/Source/CMSIS_RTOS_V2/cmsis_os2.o
                0x08009064                osThreadNew
 .text.osDelay  0x08009188       0x36 ./Middlewares/Third_Party/FreeRTOS/Source/CMSIS_RTOS_V2/cmsis_os2.o
                0x08009188                osDelay
 .text.osMessageQueueNew
                0x080091be       0xe6 ./Middlewares/Third_Party/FreeRTOS/Source/CMSIS_RTOS_V2/cmsis_os2.o
                0x080091be                osMessageQueueNew
 .text.osMessageQueuePut
                0x080092a4       0xc0 ./Middlewares/Third_Party/FreeRTOS/Source/CMSIS_RTOS_V2/cmsis_os2.o
                0x080092a4                osMessageQueuePut
 .text.osMessageQueueGet
                0x08009364       0xbc ./Middlewares/Third_Party/FreeRTOS/Source/CMSIS_RTOS_V2/cmsis_os2.o
                0x08009364                osMessageQueueGet
 .text.vApplicationGetIdleTaskMemory
                0x08009420       0x34 ./Middlewares/Third_Party/FreeRTOS/Source/CMSIS_RTOS_V2/cmsis_os2.o
                0x08009420                vApplicationGetIdleTaskMemory
 .text.vApplicationGetTimerTaskMemory
                0x08009454       0x34 ./Middlewares/Third_Party/FreeRTOS/Source/CMSIS_RTOS_V2/cmsis_os2.o
                0x08009454                vApplicationGetTimerTaskMemory
 .text.vListInitialise
                0x08009488       0x40 ./Middlewares/Third_Party/FreeRTOS/Source/list.o
                0x08009488                vListInitialise
 .text.vListInitialiseItem
                0x080094c8       0x1a ./Middlewares/Third_Party/FreeRTOS/Source/list.o
                0x080094c8                vListInitialiseItem
 .text.vListInsertEnd
                0x080094e2       0x48 ./Middlewares/Third_Party/FreeRTOS/Source/list.o
                0x080094e2                vListInsertEnd
 .text.vListInsert
                0x0800952a       0x72 ./Middlewares/Third_Party/FreeRTOS/Source/list.o
                0x0800952a                vListInsert
 .text.uxListRemove
                0x0800959c       0x54 ./Middlewares/Third_Party/FreeRTOS/Source/list.o
                0x0800959c                uxListRemove
 .text.xQueueGenericReset
                0x080095f0       0xd4 ./Middlewares/Third_Party/FreeRTOS/Source/queue.o
                0x080095f0                xQueueGenericReset
 .text.xQueueGenericCreateStatic
                0x080096c4       0xfa ./Middlewares/Third_Party/FreeRTOS/Source/queue.o
                0x080096c4                xQueueGenericCreateStatic
 .text.xQueueGenericCreate
                0x080097be       0x76 ./Middlewares/Third_Party/FreeRTOS/Source/queue.o
                0x080097be                xQueueGenericCreate
 .text.prvInitialiseNewQueue
                0x08009834       0x46 ./Middlewares/Third_Party/FreeRTOS/Source/queue.o
 *fill*         0x0800987a        0x2 
 .text.xQueueGenericSend
                0x0800987c      0x204 ./Middlewares/Third_Party/FreeRTOS/Source/queue.o
                0x0800987c                xQueueGenericSend
 .text.xQueueGenericSendFromISR
                0x08009a80      0x13c ./Middlewares/Third_Party/FreeRTOS/Source/queue.o
                0x08009a80                xQueueGenericSendFromISR
 .text.xQueueReceive
                0x08009bbc      0x1c4 ./Middlewares/Third_Party/FreeRTOS/Source/queue.o
                0x08009bbc                xQueueReceive
 .text.xQueueReceiveFromISR
                0x08009d80      0x104 ./Middlewares/Third_Party/FreeRTOS/Source/queue.o
                0x08009d80                xQueueReceiveFromISR
 .text.prvCopyDataToQueue
                0x08009e84       0xd4 ./Middlewares/Third_Party/FreeRTOS/Source/queue.o
 .text.prvCopyDataFromQueue
                0x08009f58       0x4c ./Middlewares/Third_Party/FreeRTOS/Source/queue.o
 .text.prvUnlockQueue
                0x08009fa4       0xa4 ./Middlewares/Third_Party/FreeRTOS/Source/queue.o
 .text.prvIsQueueEmpty
                0x0800a048       0x2c ./Middlewares/Third_Party/FreeRTOS/Source/queue.o
 .text.prvIsQueueFull
                0x0800a074       0x30 ./Middlewares/Third_Party/FreeRTOS/Source/queue.o
 .text.vQueueAddToRegistry
                0x0800a0a4       0x54 ./Middlewares/Third_Party/FreeRTOS/Source/queue.o
                0x0800a0a4                vQueueAddToRegistry
 .text.vQueueWaitForMessageRestricted
                0x0800a0f8       0x68 ./Middlewares/Third_Party/FreeRTOS/Source/queue.o
                0x0800a0f8                vQueueWaitForMessageRestricted
 .text.xTaskCreateStatic
                0x0800a160       0xc0 ./Middlewares/Third_Party/FreeRTOS/Source/tasks.o
                0x0800a160                xTaskCreateStatic
 .text.xTaskCreate
                0x0800a220       0x8a ./Middlewares/Third_Party/FreeRTOS/Source/tasks.o
                0x0800a220                xTaskCreate
 *fill*         0x0800a2aa        0x2 
 .text.prvInitialiseNewTask
                0x0800a2ac      0x150 ./Middlewares/Third_Party/FreeRTOS/Source/tasks.o
 .text.prvAddNewTaskToReadyList
                0x0800a3fc       0xe0 ./Middlewares/Third_Party/FreeRTOS/Source/tasks.o
 .text.vTaskDelay
                0x0800a4dc       0x6c ./Middlewares/Third_Party/FreeRTOS/Source/tasks.o
                0x0800a4dc                vTaskDelay
 .text.vTaskStartScheduler
                0x0800a548       0xe0 ./Middlewares/Third_Party/FreeRTOS/Source/tasks.o
                0x0800a548                vTaskStartScheduler
 .text.vTaskSuspendAll
                0x0800a628       0x1c ./Middlewares/Third_Party/FreeRTOS/Source/tasks.o
                0x0800a628                vTaskSuspendAll
 .text.xTaskResumeAll
                0x0800a644      0x13c ./Middlewares/Third_Party/FreeRTOS/Source/tasks.o
                0x0800a644                xTaskResumeAll
 .text.xTaskGetTickCount
                0x0800a780       0x20 ./Middlewares/Third_Party/FreeRTOS/Source/tasks.o
                0x0800a780                xTaskGetTickCount
 .text.xTaskIncrementTick
                0x0800a7a0      0x174 ./Middlewares/Third_Party/FreeRTOS/Source/tasks.o
                0x0800a7a0                xTaskIncrementTick
 .text.vTaskSwitchContext
                0x0800a914       0xcc ./Middlewares/Third_Party/FreeRTOS/Source/tasks.o
                0x0800a914                vTaskSwitchContext
 .text.vTaskPlaceOnEventList
                0x0800a9e0       0x4c ./Middlewares/Third_Party/FreeRTOS/Source/tasks.o
                0x0800a9e0                vTaskPlaceOnEventList
 .text.vTaskPlaceOnEventListRestricted
                0x0800aa2c       0x58 ./Middlewares/Third_Party/FreeRTOS/Source/tasks.o
                0x0800aa2c                vTaskPlaceOnEventListRestricted
 .text.xTaskRemoveFromEventList
                0x0800aa84       0xc8 ./Middlewares/Third_Party/FreeRTOS/Source/tasks.o
                0x0800aa84                xTaskRemoveFromEventList
 .text.vTaskInternalSetTimeOutState
                0x0800ab4c       0x2c ./Middlewares/Third_Party/FreeRTOS/Source/tasks.o
                0x0800ab4c                vTaskInternalSetTimeOutState
 .text.xTaskCheckForTimeOut
                0x0800ab78       0xc8 ./Middlewares/Third_Party/FreeRTOS/Source/tasks.o
                0x0800ab78                xTaskCheckForTimeOut
 .text.vTaskMissedYield
                0x0800ac40       0x18 ./Middlewares/Third_Party/FreeRTOS/Source/tasks.o
                0x0800ac40                vTaskMissedYield
 .text.prvIdleTask
                0x0800ac58       0x30 ./Middlewares/Third_Party/FreeRTOS/Source/tasks.o
 .text.prvInitialiseTaskLists
                0x0800ac88       0x80 ./Middlewares/Third_Party/FreeRTOS/Source/tasks.o
 .text.prvCheckTasksWaitingTermination
                0x0800ad08       0x5c ./Middlewares/Third_Party/FreeRTOS/Source/tasks.o
 .text.prvDeleteTCB
                0x0800ad64       0x6a ./Middlewares/Third_Party/FreeRTOS/Source/tasks.o
 *fill*         0x0800adce        0x2 
 .text.prvResetNextTaskUnblockTime
                0x0800add0       0x40 ./Middlewares/Third_Party/FreeRTOS/Source/tasks.o
 .text.xTaskGetSchedulerState
                0x0800ae10       0x3c ./Middlewares/Third_Party/FreeRTOS/Source/tasks.o
                0x0800ae10                xTaskGetSchedulerState
 .text.xTaskPriorityDisinherit
                0x0800ae4c       0xe0 ./Middlewares/Third_Party/FreeRTOS/Source/tasks.o
                0x0800ae4c                xTaskPriorityDisinherit
 .text.prvAddCurrentTaskToDelayedList
                0x0800af2c       0xa8 ./Middlewares/Third_Party/FreeRTOS/Source/tasks.o
 .text.xTimerCreateTimerTask
                0x0800afd4       0x94 ./Middlewares/Third_Party/FreeRTOS/Source/timers.o
                0x0800afd4                xTimerCreateTimerTask
 .text.xTimerGenericCommand
                0x0800b068       0x9c ./Middlewares/Third_Party/FreeRTOS/Source/timers.o
                0x0800b068                xTimerGenericCommand
 .text.prvProcessExpiredTimer
                0x0800b104       0x9c ./Middlewares/Third_Party/FreeRTOS/Source/timers.o
 .text.prvTimerTask
                0x0800b1a0       0x26 ./Middlewares/Third_Party/FreeRTOS/Source/timers.o
 *fill*         0x0800b1c6        0x2 
 .text.prvProcessTimerOrBlockTask
                0x0800b1c8       0x9c ./Middlewares/Third_Party/FreeRTOS/Source/timers.o
 .text.prvGetNextExpireTime
                0x0800b264       0x48 ./Middlewares/Third_Party/FreeRTOS/Source/timers.o
 .text.prvSampleTimeNow
                0x0800b2ac       0x40 ./Middlewares/Third_Party/FreeRTOS/Source/timers.o
 .text.prvInsertTimerInActiveList
                0x0800b2ec       0x84 ./Middlewares/Third_Party/FreeRTOS/Source/timers.o
 .text.prvProcessReceivedCommands
                0x0800b370      0x1cc ./Middlewares/Third_Party/FreeRTOS/Source/timers.o
 .text.prvSwitchTimerLists
                0x0800b53c       0xcc ./Middlewares/Third_Party/FreeRTOS/Source/timers.o
 .text.prvCheckForValidListAndQueue
                0x0800b608       0x80 ./Middlewares/Third_Party/FreeRTOS/Source/timers.o
 .text.pxPortInitialiseStack
                0x0800b688       0x68 ./Middlewares/Third_Party/FreeRTOS/Source/portable/GCC/ARM_CM4F/port.o
                0x0800b688                pxPortInitialiseStack
 .text.prvTaskExitError
                0x0800b6f0       0x5c ./Middlewares/Third_Party/FreeRTOS/Source/portable/GCC/ARM_CM4F/port.o
 *fill*         0x0800b74c        0x4 
 .text.SVC_Handler
                0x0800b750       0x28 ./Middlewares/Third_Party/FreeRTOS/Source/portable/GCC/ARM_CM4F/port.o
                0x0800b750                SVC_Handler
 .text.prvPortStartFirstTask
                0x0800b778       0x28 ./Middlewares/Third_Party/FreeRTOS/Source/portable/GCC/ARM_CM4F/port.o
 .text.xPortStartScheduler
                0x0800b7a0      0x148 ./Middlewares/Third_Party/FreeRTOS/Source/portable/GCC/ARM_CM4F/port.o
                0x0800b7a0                xPortStartScheduler
 .text.vPortEnterCritical
                0x0800b8e8       0x64 ./Middlewares/Third_Party/FreeRTOS/Source/portable/GCC/ARM_CM4F/port.o
                0x0800b8e8                vPortEnterCritical
 .text.vPortExitCritical
                0x0800b94c       0x54 ./Middlewares/Third_Party/FreeRTOS/Source/portable/GCC/ARM_CM4F/port.o
                0x0800b94c                vPortExitCritical
 .text.PendSV_Handler
                0x0800b9a0       0x68 ./Middlewares/Third_Party/FreeRTOS/Source/portable/GCC/ARM_CM4F/port.o
                0x0800b9a0                PendSV_Handler
 .text.xPortSysTickHandler
                0x0800ba08       0x44 ./Middlewares/Third_Party/FreeRTOS/Source/portable/GCC/ARM_CM4F/port.o
                0x0800ba08                xPortSysTickHandler
 .text.vPortSetupTimerInterrupt
                0x0800ba4c       0x48 ./Middlewares/Third_Party/FreeRTOS/Source/portable/GCC/ARM_CM4F/port.o
                0x0800ba4c                vPortSetupTimerInterrupt
 .text.vPortEnableVFP
                0x0800ba94       0x14 ./Middlewares/Third_Party/FreeRTOS/Source/portable/GCC/ARM_CM4F/port.o
 .text.vPortValidateInterruptPriority
                0x0800baa8       0x84 ./Middlewares/Third_Party/FreeRTOS/Source/portable/GCC/ARM_CM4F/port.o
                0x0800baa8                vPortValidateInterruptPriority
 .text.pvPortMalloc
                0x0800bb2c      0x19c ./Middlewares/Third_Party/FreeRTOS/Source/portable/MemMang/heap_4.o
                0x0800bb2c                pvPortMalloc
 .text.vPortFree
                0x0800bcc8       0xc8 ./Middlewares/Third_Party/FreeRTOS/Source/portable/MemMang/heap_4.o
                0x0800bcc8                vPortFree
 .text.prvHeapInit
                0x0800bd90       0xc4 ./Middlewares/Third_Party/FreeRTOS/Source/portable/MemMang/heap_4.o
 .text.prvInsertBlockIntoFreeList
                0x0800be54       0xb4 ./Middlewares/Third_Party/FreeRTOS/Source/portable/MemMang/heap_4.o
 .text.MX_USB_HOST_Init
                0x0800bf08       0x4c ./USB_HOST/App/usb_host.o
                0x0800bf08                MX_USB_HOST_Init
 .text.USBH_UserProcess
                0x0800bf54       0x5c ./USB_HOST/App/usb_host.o
 .text.HAL_HCD_MspInit
                0x0800bfb0       0xc4 ./USB_HOST/Target/usbh_conf.o
                0x0800bfb0                HAL_HCD_MspInit
 .text.HAL_HCD_SOF_Callback
                0x0800c074       0x1c ./USB_HOST/Target/usbh_conf.o
                0x0800c074                HAL_HCD_SOF_Callback
 .text.HAL_HCD_Connect_Callback
                0x0800c090       0x1c ./USB_HOST/Target/usbh_conf.o
                0x0800c090                HAL_HCD_Connect_Callback
 .text.HAL_HCD_Disconnect_Callback
                0x0800c0ac       0x1c ./USB_HOST/Target/usbh_conf.o
                0x0800c0ac                HAL_HCD_Disconnect_Callback
 .text.HAL_HCD_HC_NotifyURBChange_Callback
                0x0800c0c8       0x24 ./USB_HOST/Target/usbh_conf.o
                0x0800c0c8                HAL_HCD_HC_NotifyURBChange_Callback
 .text.HAL_HCD_PortEnabled_Callback
                0x0800c0ec       0x1c ./USB_HOST/Target/usbh_conf.o
                0x0800c0ec                HAL_HCD_PortEnabled_Callback
 .text.HAL_HCD_PortDisabled_Callback
                0x0800c108       0x1c ./USB_HOST/Target/usbh_conf.o
                0x0800c108                HAL_HCD_PortDisabled_Callback
 .text.USBH_LL_Init
                0x0800c124       0x78 ./USB_HOST/Target/usbh_conf.o
                0x0800c124                USBH_LL_Init
 .text.USBH_LL_Start
                0x0800c19c       0x36 ./USB_HOST/Target/usbh_conf.o
                0x0800c19c                USBH_LL_Start
 .text.USBH_LL_Stop
                0x0800c1d2       0x36 ./USB_HOST/Target/usbh_conf.o
                0x0800c1d2                USBH_LL_Stop
 .text.USBH_LL_GetSpeed
                0x0800c208       0x4e ./USB_HOST/Target/usbh_conf.o
                0x0800c208                USBH_LL_GetSpeed
 .text.USBH_LL_ResetPort
                0x0800c256       0x36 ./USB_HOST/Target/usbh_conf.o
                0x0800c256                USBH_LL_ResetPort
 .text.USBH_LL_GetLastXferSize
                0x0800c28c       0x26 ./USB_HOST/Target/usbh_conf.o
                0x0800c28c                USBH_LL_GetLastXferSize
 .text.USBH_LL_OpenPipe
                0x0800c2b2       0x5e ./USB_HOST/Target/usbh_conf.o
                0x0800c2b2                USBH_LL_OpenPipe
 .text.USBH_LL_ClosePipe
                0x0800c310       0x3e ./USB_HOST/Target/usbh_conf.o
                0x0800c310                USBH_LL_ClosePipe
 .text.USBH_LL_SubmitURB
                0x0800c34e       0x62 ./USB_HOST/Target/usbh_conf.o
                0x0800c34e                USBH_LL_SubmitURB
 .text.USBH_LL_GetURBState
                0x0800c3b0       0x26 ./USB_HOST/Target/usbh_conf.o
                0x0800c3b0                USBH_LL_GetURBState
 .text.USBH_LL_DriverVBUS
                0x0800c3d6       0x2e ./USB_HOST/Target/usbh_conf.o
                0x0800c3d6                USBH_LL_DriverVBUS
 .text.USBH_LL_SetToggle
                0x0800c404       0x66 ./USB_HOST/Target/usbh_conf.o
                0x0800c404                USBH_LL_SetToggle
 .text.USBH_Delay
                0x0800c46a       0x16 ./USB_HOST/Target/usbh_conf.o
                0x0800c46a                USBH_Delay
 .text.USBH_Get_USB_Status
                0x0800c480       0x58 ./USB_HOST/Target/usbh_conf.o
                0x0800c480                USBH_Get_USB_Status
 .text.MX_DriverVbusFS
                0x0800c4d8       0x38 ./USB_HOST/Target/usbh_platform.o
                0x0800c4d8                MX_DriverVbusFS
 .text.malloc   0x0800c510       0x10 /opt/st/stm32cubeide_1.13.1/plugins/com.st.stm32cube.ide.mcu.externaltools.gnu-tools-for-stm32.12.3.rel1.linux64_1.0.100.202403111256/tools/bin/../lib/gcc/arm-none-eabi/12.3.1/../../../../arm-none-eabi/lib/thumb/v7e-m+fp/hard/libc_nano.a(libc_a-malloc.o)
                0x0800c510                malloc
 .text.free     0x0800c520       0x10 /opt/st/stm32cubeide_1.13.1/plugins/com.st.stm32cube.ide.mcu.externaltools.gnu-tools-for-stm32.12.3.rel1.linux64_1.0.100.202403111256/tools/bin/../lib/gcc/arm-none-eabi/12.3.1/../../../../arm-none-eabi/lib/thumb/v7e-m+fp/hard/libc_nano.a(libc_a-malloc.o)
                0x0800c520                free
 .text.sbrk_aligned
                0x0800c530       0x44 /opt/st/stm32cubeide_1.13.1/plugins/com.st.stm32cube.ide.mcu.externaltools.gnu-tools-for-stm32.12.3.rel1.linux64_1.0.100.202403111256/tools/bin/../lib/gcc/arm-none-eabi/12.3.1/../../../../arm-none-eabi/lib/thumb/v7e-m+fp/hard/libc_nano.a(libc_a-mallocr.o)
 .text._malloc_r
                0x0800c574      0x100 /opt/st/stm32cubeide_1.13.1/plugins/com.st.stm32cube.ide.mcu.externaltools.gnu-tools-for-stm32.12.3.rel1.linux64_1.0.100.202403111256/tools/bin/../lib/gcc/arm-none-eabi/12.3.1/../../../../arm-none-eabi/lib/thumb/v7e-m+fp/hard/libc_nano.a(libc_a-mallocr.o)
                0x0800c574                _malloc_r
 .text.__malloc_lock
                0x0800c674        0xc /opt/st/stm32cubeide_1.13.1/plugins/com.st.stm32cube.ide.mcu.externaltools.gnu-tools-for-stm32.12.3.rel1.linux64_1.0.100.202403111256/tools/bin/../lib/gcc/arm-none-eabi/12.3.1/../../../../arm-none-eabi/lib/thumb/v7e-m+fp/hard/libc_nano.a(libc_a-mlock.o)
                0x0800c674                __malloc_lock
 .text.__malloc_unlock
                0x0800c680        0xc /opt/st/stm32cubeide_1.13.1/plugins/com.st.stm32cube.ide.mcu.externaltools.gnu-tools-for-stm32.12.3.rel1.linux64_1.0.100.202403111256/tools/bin/../lib/gcc/arm-none-eabi/12.3.1/../../../../arm-none-eabi/lib/thumb/v7e-m+fp/hard/libc_nano.a(libc_a-mlock.o)
                0x0800c680                __malloc_unlock
 .text.std      0x0800c68c       0x6c /opt/st/stm32cubeide_1.13.1/plugins/com.st.stm32cube.ide.mcu.externaltools.gnu-tools-for-stm32.12.3.rel1.linux64_1.0.100.202403111256/tools/bin/../lib/gcc/arm-none-eabi/12.3.1/../../../../arm-none-eabi/lib/thumb/v7e-m+fp/hard/libc_nano.a(libc_a-findfp.o)
 .text.stdio_exit_handler
                0x0800c6f8       0x18 /opt/st/stm32cubeide_1.13.1/plugins/com.st.stm32cube.ide.mcu.externaltools.gnu-tools-for-stm32.12.3.rel1.linux64_1.0.100.202403111256/tools/bin/../lib/gcc/arm-none-eabi/12.3.1/../../../../arm-none-eabi/lib/thumb/v7e-m+fp/hard/libc_nano.a(libc_a-findfp.o)
 .text.cleanup_stdio
                0x0800c710       0x40 /opt/st/stm32cubeide_1.13.1/plugins/com.st.stm32cube.ide.mcu.externaltools.gnu-tools-for-stm32.12.3.rel1.linux64_1.0.100.202403111256/tools/bin/../lib/gcc/arm-none-eabi/12.3.1/../../../../arm-none-eabi/lib/thumb/v7e-m+fp/hard/libc_nano.a(libc_a-findfp.o)
 .text.global_stdio_init.part.0
                0x0800c750       0x3c /opt/st/stm32cubeide_1.13.1/plugins/com.st.stm32cube.ide.mcu.externaltools.gnu-tools-for-stm32.12.3.rel1.linux64_1.0.100.202403111256/tools/bin/../lib/gcc/arm-none-eabi/12.3.1/../../../../arm-none-eabi/lib/thumb/v7e-m+fp/hard/libc_nano.a(libc_a-findfp.o)
 .text.__sfp_lock_acquire
                0x0800c78c        0xc /opt/st/stm32cubeide_1.13.1/plugins/com.st.stm32cube.ide.mcu.externaltools.gnu-tools-for-stm32.12.3.rel1.linux64_1.0.100.202403111256/tools/bin/../lib/gcc/arm-none-eabi/12.3.1/../../../../arm-none-eabi/lib/thumb/v7e-m+fp/hard/libc_nano.a(libc_a-findfp.o)
                0x0800c78c                __sfp_lock_acquire
 .text.__sfp_lock_release
                0x0800c798        0xc /opt/st/stm32cubeide_1.13.1/plugins/com.st.stm32cube.ide.mcu.externaltools.gnu-tools-for-stm32.12.3.rel1.linux64_1.0.100.202403111256/tools/bin/../lib/gcc/arm-none-eabi/12.3.1/../../../../arm-none-eabi/lib/thumb/v7e-m+fp/hard/libc_nano.a(libc_a-findfp.o)
                0x0800c798                __sfp_lock_release
 .text.__sinit  0x0800c7a4       0x30 /opt/st/stm32cubeide_1.13.1/plugins/com.st.stm32cube.ide.mcu.externaltools.gnu-tools-for-stm32.12.3.rel1.linux64_1.0.100.202403111256/tools/bin/../lib/gcc/arm-none-eabi/12.3.1/../../../../arm-none-eabi/lib/thumb/v7e-m+fp/hard/libc_nano.a(libc_a-findfp.o)
                0x0800c7a4                __sinit
 .text._fwalk_sglue
                0x0800c7d4       0x3c /opt/st/stm32cubeide_1.13.1/plugins/com.st.stm32cube.ide.mcu.externaltools.gnu-tools-for-stm32.12.3.rel1.linux64_1.0.100.202403111256/tools/bin/../lib/gcc/arm-none-eabi/12.3.1/../../../../arm-none-eabi/lib/thumb/v7e-m+fp/hard/libc_nano.a(libc_a-fwalk.o)
                0x0800c7d4                _fwalk_sglue
 .text.printf   0x0800c810       0x24 /opt/st/stm32cubeide_1.13.1/plugins/com.st.stm32cube.ide.mcu.externaltools.gnu-tools-for-stm32.12.3.rel1.linux64_1.0.100.202403111256/tools/bin/../lib/gcc/arm-none-eabi/12.3.1/../../../../arm-none-eabi/lib/thumb/v7e-m+fp/hard/libc_nano.a(libc_a-printf.o)
                0x0800c810                printf
                0x0800c810                iprintf
 .text._puts_r  0x0800c834       0xaa /opt/st/stm32cubeide_1.13.1/plugins/com.st.stm32cube.ide.mcu.externaltools.gnu-tools-for-stm32.12.3.rel1.linux64_1.0.100.202403111256/tools/bin/../lib/gcc/arm-none-eabi/12.3.1/../../../../arm-none-eabi/lib/thumb/v7e-m+fp/hard/libc_nano.a(libc_a-puts.o)
                0x0800c834                _puts_r
 *fill*         0x0800c8de        0x2 
 .text.puts     0x0800c8e0       0x10 /opt/st/stm32cubeide_1.13.1/plugins/com.st.stm32cube.ide.mcu.externaltools.gnu-tools-for-stm32.12.3.rel1.linux64_1.0.100.202403111256/tools/bin/../lib/gcc/arm-none-eabi/12.3.1/../../../../arm-none-eabi/lib/thumb/v7e-m+fp/hard/libc_nano.a(libc_a-puts.o)
                0x0800c8e0                puts
 .text.sprintf  0x0800c8f0       0x40 /opt/st/stm32cubeide_1.13.1/plugins/com.st.stm32cube.ide.mcu.externaltools.gnu-tools-for-stm32.12.3.rel1.linux64_1.0.100.202403111256/tools/bin/../lib/gcc/arm-none-eabi/12.3.1/../../../../arm-none-eabi/lib/thumb/v7e-m+fp/hard/libc_nano.a(libc_a-sprintf.o)
                0x0800c8f0                sprintf
                0x0800c8f0                siprintf
 .text.__sread  0x0800c930       0x22 /opt/st/stm32cubeide_1.13.1/plugins/com.st.stm32cube.ide.mcu.externaltools.gnu-tools-for-stm32.12.3.rel1.linux64_1.0.100.202403111256/tools/bin/../lib/gcc/arm-none-eabi/12.3.1/../../../../arm-none-eabi/lib/thumb/v7e-m+fp/hard/libc_nano.a(libc_a-stdio.o)
                0x0800c930                __sread
 .text.__swrite
                0x0800c952       0x38 /opt/st/stm32cubeide_1.13.1/plugins/com.st.stm32cube.ide.mcu.externaltools.gnu-tools-for-stm32.12.3.rel1.linux64_1.0.100.202403111256/tools/bin/../lib/gcc/arm-none-eabi/12.3.1/../../../../arm-none-eabi/lib/thumb/v7e-m+fp/hard/libc_nano.a(libc_a-stdio.o)
                0x0800c952                __swrite
 .text.__sseek  0x0800c98a       0x24 /opt/st/stm32cubeide_1.13.1/plugins/com.st.stm32cube.ide.mcu.externaltools.gnu-tools-for-stm32.12.3.rel1.linux64_1.0.100.202403111256/tools/bin/../lib/gcc/arm-none-eabi/12.3.1/../../../../arm-none-eabi/lib/thumb/v7e-m+fp/hard/libc_nano.a(libc_a-stdio.o)
                0x0800c98a                __sseek
 .text.__sclose
                0x0800c9ae        0x8 /opt/st/stm32cubeide_1.13.1/plugins/com.st.stm32cube.ide.mcu.externaltools.gnu-tools-for-stm32.12.3.rel1.linux64_1.0.100.202403111256/tools/bin/../lib/gcc/arm-none-eabi/12.3.1/../../../../arm-none-eabi/lib/thumb/v7e-m+fp/hard/libc_nano.a(libc_a-stdio.o)
                0x0800c9ae                __sclose
 .text.__swbuf_r
                0x0800c9b6       0x7c /opt/st/stm32cubeide_1.13.1/plugins/com.st.stm32cube.ide.mcu.externaltools.gnu-tools-for-stm32.12.3.rel1.linux64_1.0.100.202403111256/tools/bin/../lib/gcc/arm-none-eabi/12.3.1/../../../../arm-none-eabi/lib/thumb/v7e-m+fp/hard/libc_nano.a(libc_a-wbuf.o)
                0x0800c9b6                __swbuf_r
 *fill*         0x0800ca32        0x2 
 .text.__swsetup_r
                0x0800ca34       0xac /opt/st/stm32cubeide_1.13.1/plugins/com.st.stm32cube.ide.mcu.externaltools.gnu-tools-for-stm32.12.3.rel1.linux64_1.0.100.202403111256/tools/bin/../lib/gcc/arm-none-eabi/12.3.1/../../../../arm-none-eabi/lib/thumb/v7e-m+fp/hard/libc_nano.a(libc_a-wsetup.o)
                0x0800ca34                __swsetup_r
 .text.memset   0x0800cae0       0x10 /opt/st/stm32cubeide_1.13.1/plugins/com.st.stm32cube.ide.mcu.externaltools.gnu-tools-for-stm32.12.3.rel1.linux64_1.0.100.202403111256/tools/bin/../lib/gcc/arm-none-eabi/12.3.1/../../../../arm-none-eabi/lib/thumb/v7e-m+fp/hard/libc_nano.a(libc_a-memset.o)
                0x0800cae0                memset
 .text._close_r
                0x0800caf0       0x20 /opt/st/stm32cubeide_1.13.1/plugins/com.st.stm32cube.ide.mcu.externaltools.gnu-tools-for-stm32.12.3.rel1.linux64_1.0.100.202403111256/tools/bin/../lib/gcc/arm-none-eabi/12.3.1/../../../../arm-none-eabi/lib/thumb/v7e-m+fp/hard/libc_nano.a(libc_a-closer.o)
                0x0800caf0                _close_r
 .text._reclaim_reent
                0x0800cb10       0xac /opt/st/stm32cubeide_1.13.1/plugins/com.st.stm32cube.ide.mcu.externaltools.gnu-tools-for-stm32.12.3.rel1.linux64_1.0.100.202403111256/tools/bin/../lib/gcc/arm-none-eabi/12.3.1/../../../../arm-none-eabi/lib/thumb/v7e-m+fp/hard/libc_nano.a(libc_a-reent.o)
                0x0800cb10                _reclaim_reent
 .text._lseek_r
                0x0800cbbc       0x24 /opt/st/stm32cubeide_1.13.1/plugins/com.st.stm32cube.ide.mcu.externaltools.gnu-tools-for-stm32.12.3.rel1.linux64_1.0.100.202403111256/tools/bin/../lib/gcc/arm-none-eabi/12.3.1/../../../../arm-none-eabi/lib/thumb/v7e-m+fp/hard/libc_nano.a(libc_a-lseekr.o)
                0x0800cbbc                _lseek_r
 .text._read_r  0x0800cbe0       0x24 /opt/st/stm32cubeide_1.13.1/plugins/com.st.stm32cube.ide.mcu.externaltools.gnu-tools-for-stm32.12.3.rel1.linux64_1.0.100.202403111256/tools/bin/../lib/gcc/arm-none-eabi/12.3.1/../../../../arm-none-eabi/lib/thumb/v7e-m+fp/hard/libc_nano.a(libc_a-readr.o)
                0x0800cbe0                _read_r
 .text._sbrk_r  0x0800cc04       0x20 /opt/st/stm32cubeide_1.13.1/plugins/com.st.stm32cube.ide.mcu.externaltools.gnu-tools-for-stm32.12.3.rel1.linux64_1.0.100.202403111256/tools/bin/../lib/gcc/arm-none-eabi/12.3.1/../../../../arm-none-eabi/lib/thumb/v7e-m+fp/hard/libc_nano.a(libc_a-sbrkr.o)
                0x0800cc04                _sbrk_r
 .text._write_r
                0x0800cc24       0x24 /opt/st/stm32cubeide_1.13.1/plugins/com.st.stm32cube.ide.mcu.externaltools.gnu-tools-for-stm32.12.3.rel1.linux64_1.0.100.202403111256/tools/bin/../lib/gcc/arm-none-eabi/12.3.1/../../../../arm-none-eabi/lib/thumb/v7e-m+fp/hard/libc_nano.a(libc_a-writer.o)
                0x0800cc24                _write_r
 .text.__errno  0x0800cc48        0xc /opt/st/stm32cubeide_1.13.1/plugins/com.st.stm32cube.ide.mcu.externaltools.gnu-tools-for-stm32.12.3.rel1.linux64_1.0.100.202403111256/tools/bin/../lib/gcc/arm-none-eabi/12.3.1/../../../../arm-none-eabi/lib/thumb/v7e-m+fp/hard/libc_nano.a(libc_a-errno.o)
                0x0800cc48                __errno
 .text.__libc_init_array
                0x0800cc54       0x48 /opt/st/stm32cubeide_1.13.1/plugins/com.st.stm32cube.ide.mcu.externaltools.gnu-tools-for-stm32.12.3.rel1.linux64_1.0.100.202403111256/tools/bin/../lib/gcc/arm-none-eabi/12.3.1/../../../../arm-none-eabi/lib/thumb/v7e-m+fp/hard/libc_nano.a(libc_a-init.o)
                0x0800cc54                __libc_init_array
 .text.__retarget_lock_init_recursive
                0x0800cc9c        0x2 /opt/st/stm32cubeide_1.13.1/plugins/com.st.stm32cube.ide.mcu.externaltools.gnu-tools-for-stm32.12.3.rel1.linux64_1.0.100.202403111256/tools/bin/../lib/gcc/arm-none-eabi/12.3.1/../../../../arm-none-eabi/lib/thumb/v7e-m+fp/hard/libc_nano.a(libc_a-lock.o)
                0x0800cc9c                __retarget_lock_init_recursive
 .text.__retarget_lock_acquire_recursive
                0x0800cc9e        0x2 /opt/st/stm32cubeide_1.13.1/plugins/com.st.stm32cube.ide.mcu.externaltools.gnu-tools-for-stm32.12.3.rel1.linux64_1.0.100.202403111256/tools/bin/../lib/gcc/arm-none-eabi/12.3.1/../../../../arm-none-eabi/lib/thumb/v7e-m+fp/hard/libc_nano.a(libc_a-lock.o)
                0x0800cc9e                __retarget_lock_acquire_recursive
 .text.__retarget_lock_release_recursive
                0x0800cca0        0x2 /opt/st/stm32cubeide_1.13.1/plugins/com.st.stm32cube.ide.mcu.externaltools.gnu-tools-for-stm32.12.3.rel1.linux64_1.0.100.202403111256/tools/bin/../lib/gcc/arm-none-eabi/12.3.1/../../../../arm-none-eabi/lib/thumb/v7e-m+fp/hard/libc_nano.a(libc_a-lock.o)
                0x0800cca0                __retarget_lock_release_recursive
 .text.memcpy   0x0800cca2       0x1c /opt/st/stm32cubeide_1.13.1/plugins/com.st.stm32cube.ide.mcu.externaltools.gnu-tools-for-stm32.12.3.rel1.linux64_1.0.100.202403111256/tools/bin/../lib/gcc/arm-none-eabi/12.3.1/../../../../arm-none-eabi/lib/thumb/v7e-m+fp/hard/libc_nano.a(libc_a-memcpy-stub.o)
                0x0800cca2                memcpy
 *fill*         0x0800ccbe        0x2 
 .text._free_r  0x0800ccc0       0x94 /opt/st/stm32cubeide_1.13.1/plugins/com.st.stm32cube.ide.mcu.externaltools.gnu-tools-for-stm32.12.3.rel1.linux64_1.0.100.202403111256/tools/bin/../lib/gcc/arm-none-eabi/12.3.1/../../../../arm-none-eabi/lib/thumb/v7e-m+fp/hard/libc_nano.a(libc_a-freer.o)
                0x0800ccc0                _free_r
 .text.__ssputs_r
                0x0800cd54       0xb6 /opt/st/stm32cubeide_1.13.1/plugins/com.st.stm32cube.ide.mcu.externaltools.gnu-tools-for-stm32.12.3.rel1.linux64_1.0.100.202403111256/tools/bin/../lib/gcc/arm-none-eabi/12.3.1/../../../../arm-none-eabi/lib/thumb/v7e-m+fp/hard/libc_nano.a(libc_a-nano-svfprintf.o)
                0x0800cd54                __ssputs_r
 *fill*         0x0800ce0a        0x2 
 .text._svfprintf_r
                0x0800ce0c      0x1f8 /opt/st/stm32cubeide_1.13.1/plugins/com.st.stm32cube.ide.mcu.externaltools.gnu-tools-for-stm32.12.3.rel1.linux64_1.0.100.202403111256/tools/bin/../lib/gcc/arm-none-eabi/12.3.1/../../../../arm-none-eabi/lib/thumb/v7e-m+fp/hard/libc_nano.a(libc_a-nano-svfprintf.o)
                0x0800ce0c                _svfprintf_r
                0x0800ce0c                _svfiprintf_r
 .text.__sfputc_r
                0x0800d004       0x2e /opt/st/stm32cubeide_1.13.1/plugins/com.st.stm32cube.ide.mcu.externaltools.gnu-tools-for-stm32.12.3.rel1.linux64_1.0.100.202403111256/tools/bin/../lib/gcc/arm-none-eabi/12.3.1/../../../../arm-none-eabi/lib/thumb/v7e-m+fp/hard/libc_nano.a(libc_a-nano-vfprintf.o)
 .text.__sfputs_r
                0x0800d032       0x24 /opt/st/stm32cubeide_1.13.1/plugins/com.st.stm32cube.ide.mcu.externaltools.gnu-tools-for-stm32.12.3.rel1.linux64_1.0.100.202403111256/tools/bin/../lib/gcc/arm-none-eabi/12.3.1/../../../../arm-none-eabi/lib/thumb/v7e-m+fp/hard/libc_nano.a(libc_a-nano-vfprintf.o)
                0x0800d032                __sfputs_r
 *fill*         0x0800d056        0x2 
 .text._vfprintf_r
                0x0800d058      0x230 /opt/st/stm32cubeide_1.13.1/plugins/com.st.stm32cube.ide.mcu.externaltools.gnu-tools-for-stm32.12.3.rel1.linux64_1.0.100.202403111256/tools/bin/../lib/gcc/arm-none-eabi/12.3.1/../../../../arm-none-eabi/lib/thumb/v7e-m+fp/hard/libc_nano.a(libc_a-nano-vfprintf.o)
                0x0800d058                _vfiprintf_r
                0x0800d058                _vfprintf_r
 .text._printf_common
                0x0800d288       0xda /opt/st/stm32cubeide_1.13.1/plugins/com.st.stm32cube.ide.mcu.externaltools.gnu-tools-for-stm32.12.3.rel1.linux64_1.0.100.202403111256/tools/bin/../lib/gcc/arm-none-eabi/12.3.1/../../../../arm-none-eabi/lib/thumb/v7e-m+fp/hard/libc_nano.a(libc_a-nano-vfprintf_i.o)
                0x0800d288                _printf_common
 *fill*         0x0800d362        0x2 
 .text._printf_i
                0x0800d364      0x240 /opt/st/stm32cubeide_1.13.1/plugins/com.st.stm32cube.ide.mcu.externaltools.gnu-tools-for-stm32.12.3.rel1.linux64_1.0.100.202403111256/tools/bin/../lib/gcc/arm-none-eabi/12.3.1/../../../../arm-none-eabi/lib/thumb/v7e-m+fp/hard/libc_nano.a(libc_a-nano-vfprintf_i.o)
                0x0800d364                _printf_i
 .text.__sflush_r
                0x0800d5a4      0x108 /opt/st/stm32cubeide_1.13.1/plugins/com.st.stm32cube.ide.mcu.externaltools.gnu-tools-for-stm32.12.3.rel1.linux64_1.0.100.202403111256/tools/bin/../lib/gcc/arm-none-eabi/12.3.1/../../../../arm-none-eabi/lib/thumb/v7e-m+fp/hard/libc_nano.a(libc_a-fflush.o)
                0x0800d5a4                __sflush_r
 .text._fflush_r
                0x0800d6ac       0x50 /opt/st/stm32cubeide_1.13.1/plugins/com.st.stm32cube.ide.mcu.externaltools.gnu-tools-for-stm32.12.3.rel1.linux64_1.0.100.202403111256/tools/bin/../lib/gcc/arm-none-eabi/12.3.1/../../../../arm-none-eabi/lib/thumb/v7e-m+fp/hard/libc_nano.a(libc_a-fflush.o)
                0x0800d6ac                _fflush_r
 .text.__swhatbuf_r
                0x0800d6fc       0x4c /opt/st/stm32cubeide_1.13.1/plugins/com.st.stm32cube.ide.mcu.externaltools.gnu-tools-for-stm32.12.3.rel1.linux64_1.0.100.202403111256/tools/bin/../lib/gcc/arm-none-eabi/12.3.1/../../../../arm-none-eabi/lib/thumb/v7e-m+fp/hard/libc_nano.a(libc_a-makebuf.o)
                0x0800d6fc                __swhatbuf_r
 .text.__smakebuf_r
                0x0800d748       0x78 /opt/st/stm32cubeide_1.13.1/plugins/com.st.stm32cube.ide.mcu.externaltools.gnu-tools-for-stm32.12.3.rel1.linux64_1.0.100.202403111256/tools/bin/../lib/gcc/arm-none-eabi/12.3.1/../../../../arm-none-eabi/lib/thumb/v7e-m+fp/hard/libc_nano.a(libc_a-makebuf.o)
                0x0800d748                __smakebuf_r
 .text.memmove  0x0800d7c0       0x34 /opt/st/stm32cubeide_1.13.1/plugins/com.st.stm32cube.ide.mcu.externaltools.gnu-tools-for-stm32.12.3.rel1.linux64_1.0.100.202403111256/tools/bin/../lib/gcc/arm-none-eabi/12.3.1/../../../../arm-none-eabi/lib/thumb/v7e-m+fp/hard/libc_nano.a(libc_a-memmove.o)
                0x0800d7c0                memmove
 .text._fstat_r
                0x0800d7f4       0x24 /opt/st/stm32cubeide_1.13.1/plugins/com.st.stm32cube.ide.mcu.externaltools.gnu-tools-for-stm32.12.3.rel1.linux64_1.0.100.202403111256/tools/bin/../lib/gcc/arm-none-eabi/12.3.1/../../../../arm-none-eabi/lib/thumb/v7e-m+fp/hard/libc_nano.a(libc_a-fstatr.o)
                0x0800d7f4                _fstat_r
 .text._isatty_r
                0x0800d818       0x20 /opt/st/stm32cubeide_1.13.1/plugins/com.st.stm32cube.ide.mcu.externaltools.gnu-tools-for-stm32.12.3.rel1.linux64_1.0.100.202403111256/tools/bin/../lib/gcc/arm-none-eabi/12.3.1/../../../../arm-none-eabi/lib/thumb/v7e-m+fp/hard/libc_nano.a(libc_a-isattyr.o)
                0x0800d818                _isatty_r
 .text._realloc_r
                0x0800d838       0x5c /opt/st/stm32cubeide_1.13.1/plugins/com.st.stm32cube.ide.mcu.externaltools.gnu-tools-for-stm32.12.3.rel1.linux64_1.0.100.202403111256/tools/bin/../lib/gcc/arm-none-eabi/12.3.1/../../../../arm-none-eabi/lib/thumb/v7e-m+fp/hard/libc_nano.a(libc_a-reallocr.o)
                0x0800d838                _realloc_r
 .text._malloc_usable_size_r
                0x0800d894       0x10 /opt/st/stm32cubeide_1.13.1/plugins/com.st.stm32cube.ide.mcu.externaltools.gnu-tools-for-stm32.12.3.rel1.linux64_1.0.100.202403111256/tools/bin/../lib/gcc/arm-none-eabi/12.3.1/../../../../arm-none-eabi/lib/thumb/v7e-m+fp/hard/libc_nano.a(libc_a-msizer.o)
                0x0800d894                _malloc_usable_size_r
 *(.glue_7)
 .glue_7        0x0800d8a4        0x0 linker stubs
 *(.glue_7t)
 .glue_7t       0x0800d8a4        0x0 linker stubs
 *(.eh_frame)
 .eh_frame      0x0800d8a4        0x0 /opt/st/stm32cubeide_1.13.1/plugins/com.st.stm32cube.ide.mcu.externaltools.gnu-tools-for-stm32.12.3.rel1.linux64_1.0.100.202403111256/tools/bin/../lib/gcc/arm-none-eabi/12.3.1/thumb/v7e-m+fp/hard/crtbegin.o
 *(.init)
 .init          0x0800d8a4        0x4 /opt/st/stm32cubeide_1.13.1/plugins/com.st.stm32cube.ide.mcu.externaltools.gnu-tools-for-stm32.12.3.rel1.linux64_1.0.100.202403111256/tools/bin/../lib/gcc/arm-none-eabi/12.3.1/thumb/v7e-m+fp/hard/crti.o
                0x0800d8a4                _init
 .init          0x0800d8a8        0x8 /opt/st/stm32cubeide_1.13.1/plugins/com.st.stm32cube.ide.mcu.externaltools.gnu-tools-for-stm32.12.3.rel1.linux64_1.0.100.202403111256/tools/bin/../lib/gcc/arm-none-eabi/12.3.1/thumb/v7e-m+fp/hard/crtn.o
 *(.fini)
 .fini          0x0800d8b0        0x4 /opt/st/stm32cubeide_1.13.1/plugins/com.st.stm32cube.ide.mcu.externaltools.gnu-tools-for-stm32.12.3.rel1.linux64_1.0.100.202403111256/tools/bin/../lib/gcc/arm-none-eabi/12.3.1/thumb/v7e-m+fp/hard/crti.o
                0x0800d8b0                _fini
 .fini          0x0800d8b4        0x8 /opt/st/stm32cubeide_1.13.1/plugins/com.st.stm32cube.ide.mcu.externaltools.gnu-tools-for-stm32.12.3.rel1.linux64_1.0.100.202403111256/tools/bin/../lib/gcc/arm-none-eabi/12.3.1/thumb/v7e-m+fp/hard/crtn.o
                0x0800d8bc                        . = ALIGN (0x4)
                0x0800d8bc                        _etext = .

.vfp11_veneer   0x0800d8bc        0x0
 .vfp11_veneer  0x0800d8bc        0x0 linker stubs

.v4_bx          0x0800d8bc        0x0
 .v4_bx         0x0800d8bc        0x0 linker stubs

.iplt           0x0800d8bc        0x0
 .iplt          0x0800d8bc        0x0 /opt/st/stm32cubeide_1.13.1/plugins/com.st.stm32cube.ide.mcu.externaltools.gnu-tools-for-stm32.12.3.rel1.linux64_1.0.100.202403111256/tools/bin/../lib/gcc/arm-none-eabi/12.3.1/thumb/v7e-m+fp/hard/crtbegin.o

.rodata         0x0800d8bc      0x108
                0x0800d8bc                        . = ALIGN (0x4)
 *(.rodata)
 .rodata        0x0800d8bc       0x6f ./Core/Src/main.o
 *fill*         0x0800d92b        0x1 
 .rodata        0x0800d92c        0x4 ./Middlewares/ST/STM32_USB_Host_Library/Class/CDC/Src/usbh_cdc.o
 .rodata        0x0800d930        0xb ./Middlewares/ST/STM32_USB_Host_Library/Core/Src/usbh_core.o
 *fill*         0x0800d93b        0x1 
 .rodata        0x0800d93c        0x5 ./Middlewares/Third_Party/FreeRTOS/Source/tasks.o
 *fill*         0x0800d941        0x3 
 .rodata        0x0800d944        0xd ./Middlewares/Third_Party/FreeRTOS/Source/timers.o
 *(.rodata*)
 *fill*         0x0800d951        0x3 
 .rodata.defaultTask_attributes
                0x0800d954       0x24 ./Core/Src/main.o
                0x0800d954                defaultTask_attributes
 .rodata.AHBPrescTable
                0x0800d978       0x10 ./Core/Src/system_stm32f4xx.o
                0x0800d978                AHBPrescTable
 .rodata.APBPrescTable
                0x0800d988        0x8 ./Core/Src/system_stm32f4xx.o
                0x0800d988                APBPrescTable
 .rodata._svfprintf_r.str1.1
                0x0800d990       0x11 /opt/st/stm32cubeide_1.13.1/plugins/com.st.stm32cube.ide.mcu.externaltools.gnu-tools-for-stm32.12.3.rel1.linux64_1.0.100.202403111256/tools/bin/../lib/gcc/arm-none-eabi/12.3.1/../../../../arm-none-eabi/lib/thumb/v7e-m+fp/hard/libc_nano.a(libc_a-nano-svfprintf.o)
 .rodata._vfprintf_r.str1.1
                0x0800d9a1       0x11 /opt/st/stm32cubeide_1.13.1/plugins/com.st.stm32cube.ide.mcu.externaltools.gnu-tools-for-stm32.12.3.rel1.linux64_1.0.100.202403111256/tools/bin/../lib/gcc/arm-none-eabi/12.3.1/../../../../arm-none-eabi/lib/thumb/v7e-m+fp/hard/libc_nano.a(libc_a-nano-vfprintf.o)
 .rodata._printf_i.str1.1
                0x0800d9a1       0x22 /opt/st/stm32cubeide_1.13.1/plugins/com.st.stm32cube.ide.mcu.externaltools.gnu-tools-for-stm32.12.3.rel1.linux64_1.0.100.202403111256/tools/bin/../lib/gcc/arm-none-eabi/12.3.1/../../../../arm-none-eabi/lib/thumb/v7e-m+fp/hard/libc_nano.a(libc_a-nano-vfprintf_i.o)
                0x0800d9c4                        . = ALIGN (0x4)
 *fill*         0x0800d9c3        0x1 

.ARM.extab      0x0800d9c4        0x0
                0x0800d9c4                        . = ALIGN (0x4)
 *(.ARM.extab* .gnu.linkonce.armextab.*)
                0x0800d9c4                        . = ALIGN (0x4)

.ARM            0x0800d9c4        0x8
                0x0800d9c4                        . = ALIGN (0x4)
                0x0800d9c4                        __exidx_start = .
 *(.ARM.exidx*)
 .ARM.exidx     0x0800d9c4        0x8 /opt/st/stm32cubeide_1.13.1/plugins/com.st.stm32cube.ide.mcu.externaltools.gnu-tools-for-stm32.12.3.rel1.linux64_1.0.100.202403111256/tools/bin/../lib/gcc/arm-none-eabi/12.3.1/../../../../arm-none-eabi/lib/thumb/v7e-m+fp/hard/libc_nano.a(libc_a-memchr.o)
 .ARM.exidx     0x0800d9cc        0x0 /opt/st/stm32cubeide_1.13.1/plugins/com.st.stm32cube.ide.mcu.externaltools.gnu-tools-for-stm32.12.3.rel1.linux64_1.0.100.202403111256/tools/bin/../lib/gcc/arm-none-eabi/12.3.1/thumb/v7e-m+fp/hard/libgcc.a(_udivmoddi4.o)
                                  0x8 (size before relaxing)
                0x0800d9cc                        __exidx_end = .
                0x0800d9cc                        . = ALIGN (0x4)

.rel.dyn        0x0800d9cc        0x0
 .rel.iplt      0x0800d9cc        0x0 /opt/st/stm32cubeide_1.13.1/plugins/com.st.stm32cube.ide.mcu.externaltools.gnu-tools-for-stm32.12.3.rel1.linux64_1.0.100.202403111256/tools/bin/../lib/gcc/arm-none-eabi/12.3.1/thumb/v7e-m+fp/hard/crtbegin.o

.preinit_array  0x0800d9cc        0x0
                0x0800d9cc                        . = ALIGN (0x4)
                0x0800d9cc                        PROVIDE (__preinit_array_start = .)
 *(.preinit_array*)
                0x0800d9cc                        PROVIDE (__preinit_array_end = .)
                0x0800d9cc                        . = ALIGN (0x4)

.init_array     0x0800d9cc        0x4
                0x0800d9cc                        . = ALIGN (0x4)
                0x0800d9cc                        PROVIDE (__init_array_start = .)
 *(SORT_BY_NAME(.init_array.*))
 *(.init_array*)
 .init_array    0x0800d9cc        0x4 /opt/st/stm32cubeide_1.13.1/plugins/com.st.stm32cube.ide.mcu.externaltools.gnu-tools-for-stm32.12.3.rel1.linux64_1.0.100.202403111256/tools/bin/../lib/gcc/arm-none-eabi/12.3.1/thumb/v7e-m+fp/hard/crtbegin.o
                0x0800d9d0                        PROVIDE (__init_array_end = .)
                0x0800d9d0                        . = ALIGN (0x4)

.fini_array     0x0800d9d0        0x4
                0x0800d9d0                        . = ALIGN (0x4)
                [!provide]                        PROVIDE (__fini_array_start = .)
 *(SORT_BY_NAME(.fini_array.*))
 *(.fini_array*)
 .fini_array    0x0800d9d0        0x4 /opt/st/stm32cubeide_1.13.1/plugins/com.st.stm32cube.ide.mcu.externaltools.gnu-tools-for-stm32.12.3.rel1.linux64_1.0.100.202403111256/tools/bin/../lib/gcc/arm-none-eabi/12.3.1/thumb/v7e-m+fp/hard/crtbegin.o
                [!provide]                        PROVIDE (__fini_array_end = .)
                0x0800d9d4                        . = ALIGN (0x4)
                0x0800d9d4                        _sidata = LOADADDR (.data)

.data           0x20000000       0x8c load address 0x0800d9d4
                0x20000000                        . = ALIGN (0x4)
                0x20000000                        _sdata = .
 *(.data)
 *(.data*)
 .data.SystemCoreClock
                0x20000000        0x4 ./Core/Src/system_stm32f4xx.o
                0x20000000                SystemCoreClock
 .data.uwTickPrio
                0x20000004        0x4 ./Drivers/STM32F4xx_HAL_Driver/Src/stm32f4xx_hal.o
                0x20000004                uwTickPrio
 .data.uwTickFreq
                0x20000008        0x1 ./Drivers/STM32F4xx_HAL_Driver/Src/stm32f4xx_hal.o
                0x20000008                uwTickFreq
 *fill*         0x20000009        0x3 
 .data.CDC_Class
                0x2000000c       0x20 ./Middlewares/ST/STM32_USB_Host_Library/Class/CDC/Src/usbh_cdc.o
                0x2000000c                CDC_Class
 .data.uxCriticalNesting
                0x2000002c        0x4 ./Middlewares/Third_Party/FreeRTOS/Source/portable/GCC/ARM_CM4F/port.o
 .data.__sglue  0x20000030        0xc /opt/st/stm32cubeide_1.13.1/plugins/com.st.stm32cube.ide.mcu.externaltools.gnu-tools-for-stm32.12.3.rel1.linux64_1.0.100.202403111256/tools/bin/../lib/gcc/arm-none-eabi/12.3.1/../../../../arm-none-eabi/lib/thumb/v7e-m+fp/hard/libc_nano.a(libc_a-findfp.o)
                0x20000030                __sglue
 .data._impure_ptr
                0x2000003c        0x4 /opt/st/stm32cubeide_1.13.1/plugins/com.st.stm32cube.ide.mcu.externaltools.gnu-tools-for-stm32.12.3.rel1.linux64_1.0.100.202403111256/tools/bin/../lib/gcc/arm-none-eabi/12.3.1/../../../../arm-none-eabi/lib/thumb/v7e-m+fp/hard/libc_nano.a(libc_a-impure.o)
                0x2000003c                _impure_ptr
 .data._impure_data
                0x20000040       0x4c /opt/st/stm32cubeide_1.13.1/plugins/com.st.stm32cube.ide.mcu.externaltools.gnu-tools-for-stm32.12.3.rel1.linux64_1.0.100.202403111256/tools/bin/../lib/gcc/arm-none-eabi/12.3.1/../../../../arm-none-eabi/lib/thumb/v7e-m+fp/hard/libc_nano.a(libc_a-impure.o)
                0x20000040                _impure_data
 *(.RamFunc)
 *(.RamFunc*)
                0x2000008c                        . = ALIGN (0x4)
                0x2000008c                        _edata = .
                0x0800da60                        _siccmram = LOADADDR (.ccmram)

.igot.plt       0x2000008c        0x0 load address 0x0800da60
 .igot.plt      0x2000008c        0x0 /opt/st/stm32cubeide_1.13.1/plugins/com.st.stm32cube.ide.mcu.externaltools.gnu-tools-for-stm32.12.3.rel1.linux64_1.0.100.202403111256/tools/bin/../lib/gcc/arm-none-eabi/12.3.1/thumb/v7e-m+fp/hard/crtbegin.o

.ccmram         0x10000000        0x0 load address 0x0800da60
                0x10000000                        . = ALIGN (0x4)
                0x10000000                        _sccmram = .
 *(.ccmram)
 *(.ccmram*)
                0x10000000                        . = ALIGN (0x4)
                0x10000000                        _eccmram = .
                0x10000000                        . = ALIGN (0x4)

.bss            0x2000008c     0x548c
                0x2000008c                        _sbss = .
                0x2000008c                        __bss_start__ = _sbss
 *(.bss)
 .bss           0x2000008c       0x1c /opt/st/stm32cubeide_1.13.1/plugins/com.st.stm32cube.ide.mcu.externaltools.gnu-tools-for-stm32.12.3.rel1.linux64_1.0.100.202403111256/tools/bin/../lib/gcc/arm-none-eabi/12.3.1/thumb/v7e-m+fp/hard/crtbegin.o
 *(.bss*)
 .bss.hi2c1     0x200000a8       0x54 ./Core/Src/main.o
                0x200000a8                hi2c1
 .bss.hi2s3     0x200000fc       0x48 ./Core/Src/main.o
                0x200000fc                hi2s3
 .bss.hspi1     0x20000144       0x58 ./Core/Src/main.o
                0x20000144                hspi1
 .bss.defaultTaskHandle
                0x2000019c        0x4 ./Core/Src/main.o
                0x2000019c                defaultTaskHandle
 .bss.myTask1Handle
                0x200001a0        0x4 ./Core/Src/main.o
                0x200001a0                myTask1Handle
 .bss.myTask2Handle
                0x200001a4        0x4 ./Core/Src/main.o
                0x200001a4                myTask2Handle
 .bss.htim14    0x200001a8       0x48 ./Core/Src/stm32f4xx_hal_timebase_tim.o
                0x200001a8                htim14
 .bss.__sbrk_heap_end
                0x200001f0        0x4 ./Core/Src/sysmem.o
 .bss.uwTick    0x200001f4        0x4 ./Drivers/STM32F4xx_HAL_Driver/Src/stm32f4xx_hal.o
                0x200001f4                uwTick
 .bss.USBH_Thread_Atrr
                0x200001f8       0x24 ./Middlewares/ST/STM32_USB_Host_Library/Core/Src/usbh_core.o
                0x200001f8                USBH_Thread_Atrr
 .bss.KernelState
                0x2000021c        0x4 ./Middlewares/Third_Party/FreeRTOS/Source/CMSIS_RTOS_V2/cmsis_os2.o
 .bss.Idle_TCB.3
                0x20000220       0xa8 ./Middlewares/Third_Party/FreeRTOS/Source/CMSIS_RTOS_V2/cmsis_os2.o
 .bss.Idle_Stack.2
                0x200002c8      0x200 ./Middlewares/Third_Party/FreeRTOS/Source/CMSIS_RTOS_V2/cmsis_os2.o
 .bss.Timer_TCB.1
                0x200004c8       0xa8 ./Middlewares/Third_Party/FreeRTOS/Source/CMSIS_RTOS_V2/cmsis_os2.o
 .bss.Timer_Stack.0
                0x20000570      0x400 ./Middlewares/Third_Party/FreeRTOS/Source/CMSIS_RTOS_V2/cmsis_os2.o
 .bss.xQueueRegistry
                0x20000970       0x40 ./Middlewares/Third_Party/FreeRTOS/Source/queue.o
                0x20000970                xQueueRegistry
 .bss.pxCurrentTCB
                0x200009b0        0x4 ./Middlewares/Third_Party/FreeRTOS/Source/tasks.o
                0x200009b0                pxCurrentTCB
 .bss.pxReadyTasksLists
                0x200009b4      0x460 ./Middlewares/Third_Party/FreeRTOS/Source/tasks.o
 .bss.xDelayedTaskList1
                0x20000e14       0x14 ./Middlewares/Third_Party/FreeRTOS/Source/tasks.o
 .bss.xDelayedTaskList2
                0x20000e28       0x14 ./Middlewares/Third_Party/FreeRTOS/Source/tasks.o
 .bss.pxDelayedTaskList
                0x20000e3c        0x4 ./Middlewares/Third_Party/FreeRTOS/Source/tasks.o
 .bss.pxOverflowDelayedTaskList
                0x20000e40        0x4 ./Middlewares/Third_Party/FreeRTOS/Source/tasks.o
 .bss.xPendingReadyList
                0x20000e44       0x14 ./Middlewares/Third_Party/FreeRTOS/Source/tasks.o
 .bss.xTasksWaitingTermination
                0x20000e58       0x14 ./Middlewares/Third_Party/FreeRTOS/Source/tasks.o
 .bss.uxDeletedTasksWaitingCleanUp
                0x20000e6c        0x4 ./Middlewares/Third_Party/FreeRTOS/Source/tasks.o
 .bss.xSuspendedTaskList
                0x20000e70       0x14 ./Middlewares/Third_Party/FreeRTOS/Source/tasks.o
 .bss.uxCurrentNumberOfTasks
                0x20000e84        0x4 ./Middlewares/Third_Party/FreeRTOS/Source/tasks.o
 .bss.xTickCount
                0x20000e88        0x4 ./Middlewares/Third_Party/FreeRTOS/Source/tasks.o
 .bss.uxTopReadyPriority
                0x20000e8c        0x4 ./Middlewares/Third_Party/FreeRTOS/Source/tasks.o
 .bss.xSchedulerRunning
                0x20000e90        0x4 ./Middlewares/Third_Party/FreeRTOS/Source/tasks.o
 .bss.xPendedTicks
                0x20000e94        0x4 ./Middlewares/Third_Party/FreeRTOS/Source/tasks.o
 .bss.xYieldPending
                0x20000e98        0x4 ./Middlewares/Third_Party/FreeRTOS/Source/tasks.o
 .bss.xNumOfOverflows
                0x20000e9c        0x4 ./Middlewares/Third_Party/FreeRTOS/Source/tasks.o
 .bss.uxTaskNumber
                0x20000ea0        0x4 ./Middlewares/Third_Party/FreeRTOS/Source/tasks.o
 .bss.xNextTaskUnblockTime
                0x20000ea4        0x4 ./Middlewares/Third_Party/FreeRTOS/Source/tasks.o
 .bss.xIdleTaskHandle