../Drivers/CMSIS/Include/core_cm4.h:2064:26:ITM_SendChar	16	static,ignoring_inline_asm
../Core/Src/main.c:95:5:main	16	static
../Core/Src/main.c:176:6:Task1_Handler	72	static
../Core/Src/main.c:189:6:Task2_Handler	72	static
../Core/Src/main.c:202:5:_write	32	static
../Core/Src/main.c:216:6:SystemClock_Config	88	static
../Core/Src/main.c:264:13:MX_I2C1_Init	8	static
../Core/Src/main.c:298:13:MX_I2S3_Init	8	static
../Core/Src/main.c:332:13:MX_SPI1_Init	8	static
../Core/Src/main.c:370:13:MX_GPIO_Init	56	static
../Core/Src/main.c:472:6:StartDefaultTask	16	static
../Core/Src/main.c:493:6:HAL_TIM_PeriodElapsedCallback	16	static
../Core/Src/main.c:510:6:Error_Handler	4	static,ignoring_inline_asm
