../Drivers/CMSIS/Include/core_cm4.h:2064:26:ITM_SendChar	16	static,ignoring_inline_asm
../Core/Src/main.c:94:5:main	16	static
../Core/Src/main.c:175:6:Task1_Handler	72	static
../Core/Src/main.c:188:6:Task2_Handler	72	static
../Core/Src/main.c:201:5:_write	32	static
../Core/Src/main.c:215:6:SystemClock_Config	88	static
../Core/Src/main.c:263:13:MX_I2C1_Init	8	static
../Core/Src/main.c:297:13:MX_I2S3_Init	8	static
../Core/Src/main.c:331:13:MX_SPI1_Init	8	static
../Core/Src/main.c:369:13:MX_GPIO_Init	56	static
../Core/Src/main.c:471:6:StartDefaultTask	16	static
../Core/Src/main.c:492:6:HAL_TIM_PeriodElapsedCallback	16	static
../Core/Src/main.c:509:6:Error_Handler	4	static,ignoring_inline_asm
